** Note: (vcom-220) 'C:/Altera/questa_fse/win64/../modelsim.ini' is used as the ini file.
** Note: (vlog-220) 'C:/Altera/questa_fse/win64/../modelsim.ini' is used as the ini file.
** Note: (vlog-220) 'C:/Altera/questa_fse/win64/../modelsim.ini' is used as the ini file.
Reading pref.tcl

# 2025.2

# ** Note: (vsim-220) 'C:/Altera/questa_fse/win64/../modelsim.ini' is used as the ini file.
# vsim -c -quiet -t ps tb_aspectrum -do "run -all; quit -f" 
# Start time: 15:32:14 on Oct 06,2026
# ** Note: (vsim-3812) Design is being optimized...
# ** Note: (vopt-220) 'C:/Altera/questa_fse/win64/../modelsim.ini' is used as the ini file.
# run -all
# ** Warning: NUMERIC_STD.TO_INTEGER: metavalue detected, returning 0
#    Time: 0 ps  Iteration: 0  Instance: /tb_aspectrum/u_sys/u_bus/u_cpu/u_t80/Regs
# ** Warning: NUMERIC_STD.TO_INTEGER: metavalue detected, returning 0
#    Time: 0 ps  Iteration: 0  Instance: /tb_aspectrum/u_sys/u_bus/u_cpu/u_t80/Regs
# ** Warning: NUMERIC_STD.TO_INTEGER: metavalue detected, returning 0
#    Time: 0 ps  Iteration: 0  Instance: /tb_aspectrum/u_sys/u_bus/u_cpu/u_t80/Regs
# ** Warning: NUMERIC_STD.TO_INTEGER: metavalue detected, returning 0
#    Time: 0 ps  Iteration: 0  Instance: /tb_aspectrum/u_sys/u_bus/u_cpu/u_t80/Regs
# ** Warning: NUMERIC_STD.TO_INTEGER: metavalue detected, returning 0
#    Time: 0 ps  Iteration: 0  Instance: /tb_aspectrum/u_sys/u_bus/u_cpu/u_t80/Regs
# ** Warning: NUMERIC_STD.TO_INTEGER: metavalue detected, returning 0
#    Time: 0 ps  Iteration: 0  Instance: /tb_aspectrum/u_sys/u_bus/u_cpu/u_t80/Regs
# ** Warning: NUMERIC_STD."=": metavalue detected, returning FALSE
#    Time: 0 ps  Iteration: 0  Instance: /tb_aspectrum/u_sys/u_bus/u_cpu/u_t80
# ** Warning: NUMERIC_STD."=": metavalue detected, returning FALSE
#    Time: 0 ps  Iteration: 0  Instance: /tb_aspectrum/u_sys/u_bus/u_cpu/u_t80
# ** Warning: NUMERIC_STD."=": metavalue detected, returning FALSE
#    Time: 0 ps  Iteration: 0  Instance: /tb_aspectrum/u_sys/u_bus/u_cpu/u_t80
# ** Warning: NUMERIC_STD."=": metavalue detected, returning FALSE
#    Time: 0 ps  Iteration: 0  Instance: /tb_aspectrum/u_sys/u_bus/u_cpu/u_t80
# ** Warning: NUMERIC_STD."=": metavalue detected, returning FALSE
#    Time: 0 ps  Iteration: 0  Instance: /tb_aspectrum/u_sys/u_bus/u_cpu/u_t80
# TURBO=1 MODE50=0 DIAG=0
# ** Warning: NUMERIC_STD."=": metavalue detected, returning FALSE
#    Time: 0 ps  Iteration: 1  Instance: /tb_aspectrum/u_sys/u_bus/u_cpu/u_t80
# ** Warning: NUMERIC_STD."=": metavalue detected, returning FALSE
#    Time: 0 ps  Iteration: 1  Instance: /tb_aspectrum/u_sys/u_bus/u_cpu/u_t80
# ** Warning: NUMERIC_STD."=": metavalue detected, returning FALSE
#    Time: 0 ps  Iteration: 1  Instance: /tb_aspectrum/u_sys/u_bus/u_cpu/u_t80
# ** Warning: NUMERIC_STD."=": metavalue detected, returning FALSE
#    Time: 0 ps  Iteration: 1  Instance: /tb_aspectrum/u_sys/u_bus/u_cpu/u_t80
# ** Warning: NUMERIC_STD."=": metavalue detected, returning FALSE
#    Time: 0 ps  Iteration: 1  Instance: /tb_aspectrum/u_sys/u_bus/u_cpu/u_t80
#            201617435 SDRAM MODEL: mode register set, CL=2
#          15670090800 ROM loader done, bad_image=0, bit-reversed image detected=1
#   ROM copy in SDRAM: 0 mismatches of 49152
#          25670090800 10 ms: PC~0004  M1=42367  T-states=275386  INTs=3  stall clks=18526  border=7  SDRAM model errors=0
#          35670090800 20 ms: PC~0007  M1=84734  T-states=550770  INTs=7  stall clks=37062  border=7  SDRAM model errors=0
#          41091151248 7FFD <= 07  (RAM 7, screen 5, ROM 0, lock 0)  PC~00d0
#          45670090800 30 ms: PC~00e6  M1=119551  T-states=824431  INTs=11  stall clks=62490  border=7  SDRAM model errors=0
#          53681059728 7FFD <= 06  (RAM 6, screen 5, ROM 0, lock 0)  PC~00d0
#          55670090800 40 ms: PC~00e6  M1=145618  T-states=1098060  INTs=15  stall clks=88044  border=7  SDRAM model errors=0
#          65670090800 50 ms: PC~00e6  M1=171678  T-states=1371688  INTs=19  stall clks=113605  border=7  SDRAM model errors=0
#          66271218192 7FFD <= 05  (RAM 5, screen 5, ROM 0, lock 0)  PC~00d0
#          75670090800 60 ms: PC~00e6  M1=197743  T-states=1645314  INTs=23  stall clks=139173  border=7  SDRAM model errors=0
#          78861358800 7FFD <= 04  (RAM 4, screen 5, ROM 0, lock 0)  PC~00d0
#          85670090800 70 ms: PC~00e6  M1=223724  T-states=1918029  INTs=27  stall clks=168383  border=7  SDRAM model errors=0
#          91451499408 7FFD <= 03  (RAM 3, screen 5, ROM 0, lock 0)  PC~00d0
#          95670090800 80 ms: PC~00e6  M1=249737  T-states=2191098  INTs=30  stall clks=196179  border=7  SDRAM model errors=0
#         104041640016 7FFD <= 02  (RAM 2, screen 5, ROM 0, lock 0)  PC~00d0
#         105670090800 90 ms: PC~00e6  M1=275802  T-states=2464723  INTs=34  stall clks=221751  border=7  SDRAM model errors=0
#         115670090800 100 ms: PC~00e6  M1=301862  T-states=2738351  INTs=38  stall clks=247308  border=7  SDRAM model errors=0
#         116631780624 7FFD <= 01  (RAM 1, screen 5, ROM 0, lock 0)  PC~00d0
#         125670090800 110 ms: PC~00e6  M1=327929  T-states=3011977  INTs=42  stall clks=272877  border=7  SDRAM model errors=0
#         129221921232 7FFD <= 00  (RAM 0, screen 5, ROM 0, lock 0)  PC~00d0
#         135670090800 120 ms: PC~00e6  M1=353970  T-states=3285333  INTs=46  stall clks=299527  border=7  SDRAM model errors=0
#         141889449744 7FFD <= 07  (RAM 7, screen 5, ROM 0, lock 0)  PC~1c7c
#         141901065072 7FFD <= 00  (RAM 0, screen 5, ROM 0, lock 0)  PC~1c7c
#         141914867760 7FFD <= 10  (RAM 0, screen 5, ROM 1, lock 0)  PC~5b0f
#         142055349840 7FFD <= 00  (RAM 0, screen 5, ROM 0, lock 0)  PC~5b0f
#         142124613264 7FFD <= 10  (RAM 0, screen 5, ROM 1, lock 0)  PC~5b0f
#         145670090800 130 ms: PC~0e5d  M1=380390  T-states=3559577  INTs=50  stall clks=322622  border=7  SDRAM model errors=0
#         148275808848 7FFD <= 00  (RAM 0, screen 5, ROM 0, lock 0)  PC~5b0f
#         148289718672 7FFD <= 10  (RAM 0, screen 5, ROM 1, lock 0)  PC~5b0f
#         148296102192 7FFD <= 00  (RAM 0, screen 5, ROM 0, lock 0)  PC~5b0f
#         148312306512 7FFD <= 10  (RAM 0, screen 5, ROM 1, lock 0)  PC~5b0f
#         148392979920 7FFD <= 00  (RAM 0, screen 5, ROM 0, lock 0)  PC~5b0f
#         148410032400 7FFD <= 10  (RAM 0, screen 5, ROM 1, lock 0)  PC~5b0f
#         148472287344 7FFD <= 00  (RAM 0, screen 5, ROM 0, lock 0)  PC~5b0f
#         148489286256 7FFD <= 10  (RAM 0, screen 5, ROM 1, lock 0)  PC~5b0f
#         148551032304 7FFD <= 00  (RAM 0, screen 5, ROM 0, lock 0)  PC~5b0f
#         148568040144 7FFD <= 10  (RAM 0, screen 5, ROM 1, lock 0)  PC~5b0f
#         148629625488 7FFD <= 00  (RAM 0, screen 5, ROM 0, lock 0)  PC~5b0f
#         148646651184 7FFD <= 10  (RAM 0, screen 5, ROM 1, lock 0)  PC~5b0f
#         148708343664 7FFD <= 00  (RAM 0, screen 5, ROM 0, lock 0)  PC~5b0f
#         148725342576 7FFD <= 10  (RAM 0, screen 5, ROM 1, lock 0)  PC~5b0f
#         148787088624 7FFD <= 00  (RAM 0, screen 5, ROM 0, lock 0)  PC~5b0f
#         148804096464 7FFD <= 10  (RAM 0, screen 5, ROM 1, lock 0)  PC~5b0f
#         148865985360 7FFD <= 00  (RAM 0, screen 5, ROM 0, lock 0)  PC~5b0f
#         148883028912 7FFD <= 10  (RAM 0, screen 5, ROM 1, lock 0)  PC~5b0f
#         148944596400 7FFD <= 00  (RAM 0, screen 5, ROM 0, lock 0)  PC~5b0f
#         148961648880 7FFD <= 10  (RAM 0, screen 5, ROM 1, lock 0)  PC~5b0f
#         149023287792 7FFD <= 00  (RAM 0, screen 5, ROM 0, lock 0)  PC~5b0f
#         149040304560 7FFD <= 10  (RAM 0, screen 5, ROM 1, lock 0)  PC~5b0f
#         149102005968 7FFD <= 00  (RAM 0, screen 5, ROM 0, lock 0)  PC~5b0f
#         149118933456 7FFD <= 10  (RAM 0, screen 5, ROM 1, lock 0)  PC~5b0f
#         149180483088 7FFD <= 00  (RAM 0, screen 5, ROM 0, lock 0)  PC~5b0f
#         149197419504 7FFD <= 10  (RAM 0, screen 5, ROM 1, lock 0)  PC~5b0f
#         149259326256 7FFD <= 00  (RAM 0, screen 5, ROM 0, lock 0)  PC~5b0f
#         149276325168 7FFD <= 10  (RAM 0, screen 5, ROM 1, lock 0)  PC~5b0f
#         149338071216 7FFD <= 00  (RAM 0, screen 5, ROM 0, lock 0)  PC~5b0f
#         149355079056 7FFD <= 10  (RAM 0, screen 5, ROM 1, lock 0)  PC~5b0f
#         149416664400 7FFD <= 00  (RAM 0, screen 5, ROM 0, lock 0)  PC~5b0f
#         149433690096 7FFD <= 10  (RAM 0, screen 5, ROM 1, lock 0)  PC~5b0f
#         149495382576 7FFD <= 00  (RAM 0, screen 5, ROM 0, lock 0)  PC~5b0f
#         149512381488 7FFD <= 10  (RAM 0, screen 5, ROM 1, lock 0)  PC~5b0f
#         149574341808 7FFD <= 00  (RAM 0, screen 5, ROM 0, lock 0)  PC~5b0f
#         149591269296 7FFD <= 10  (RAM 0, screen 5, ROM 1, lock 0)  PC~5b0f
#         149652818928 7FFD <= 00  (RAM 0, screen 5, ROM 0, lock 0)  PC~5b0f
#         149669755344 7FFD <= 10  (RAM 0, screen 5, ROM 1, lock 0)  PC~5b0f
#         149731662096 7FFD <= 00  (RAM 0, screen 5, ROM 0, lock 0)  PC~5b0f
#         149748661008 7FFD <= 10  (RAM 0, screen 5, ROM 1, lock 0)  PC~5b0f
#         149810407056 7FFD <= 00  (RAM 0, screen 5, ROM 0, lock 0)  PC~5b0f
#         149827414896 7FFD <= 10  (RAM 0, screen 5, ROM 1, lock 0)  PC~5b0f
#         149889000240 7FFD <= 00  (RAM 0, screen 5, ROM 0, lock 0)  PC~5b0f
#         149906025936 7FFD <= 10  (RAM 0, screen 5, ROM 1, lock 0)  PC~5b0f
#         149967718416 7FFD <= 00  (RAM 0, screen 5, ROM 0, lock 0)  PC~5b0f
#         149984717328 7FFD <= 10  (RAM 0, screen 5, ROM 1, lock 0)  PC~5b0f
#         150046463376 7FFD <= 00  (RAM 0, screen 5, ROM 0, lock 0)  PC~5b0f
#         150063471216 7FFD <= 10  (RAM 0, screen 5, ROM 1, lock 0)  PC~5b0f
#         150125056560 7FFD <= 00  (RAM 0, screen 5, ROM 0, lock 0)  PC~5b0f
#         150142082256 7FFD <= 10  (RAM 0, screen 5, ROM 1, lock 0)  PC~5b0f
#         150203774736 7FFD <= 00  (RAM 0, screen 5, ROM 0, lock 0)  PC~5b0f
#         150220773648 7FFD <= 10  (RAM 0, screen 5, ROM 1, lock 0)  PC~5b0f
#         150282733968 7FFD <= 00  (RAM 0, screen 5, ROM 0, lock 0)  PC~5b0f
#         150299661456 7FFD <= 10  (RAM 0, screen 5, ROM 1, lock 0)  PC~5b0f
#         150413279184 7FFD <= 00  (RAM 0, screen 5, ROM 0, lock 0)  PC~5b0f
#         150430278096 7FFD <= 10  (RAM 0, screen 5, ROM 1, lock 0)  PC~5b0f
#         150492024144 7FFD <= 00  (RAM 0, screen 5, ROM 0, lock 0)  PC~5b0f
#         150509031984 7FFD <= 10  (RAM 0, screen 5, ROM 1, lock 0)  PC~5b0f
#         150570617328 7FFD <= 00  (RAM 0, screen 5, ROM 0, lock 0)  PC~5b0f
#         150584794992 7FFD <= 07  (RAM 7, screen 5, ROM 0, lock 0)  PC~1f3f
#         150636559536 7FFD <= 00  (RAM 0, screen 5, ROM 0, lock 0)  PC~1f3f
#         150649701552 7FFD <= 07  (RAM 7, screen 5, ROM 0, lock 0)  PC~1f3f
#         150662477520 7FFD <= 17  (RAM 7, screen 5, ROM 1, lock 0)  PC~5b0f
#         150685984944 7FFD <= 07  (RAM 7, screen 5, ROM 0, lock 0)  PC~5b0f
#         150732348048 7FFD <= 17  (RAM 7, screen 5, ROM 1, lock 0)  PC~5b0f
#         150739624368 7FFD <= 07  (RAM 7, screen 5, ROM 0, lock 0)  PC~5b0f
#         150870839184 7FFD <= 17  (RAM 7, screen 5, ROM 1, lock 0)  PC~5b0f
#         150879749328 7FFD <= 07  (RAM 7, screen 5, ROM 0, lock 0)  PC~5b0f
#         150909122448 7FFD <= 17  (RAM 7, screen 5, ROM 1, lock 0)  PC~5b0f
#         150916398768 7FFD <= 07  (RAM 7, screen 5, ROM 0, lock 0)  PC~5b0f
#         151047488592 7FFD <= 17  (RAM 7, screen 5, ROM 1, lock 0)  PC~5b0f
#         151056514800 7FFD <= 07  (RAM 7, screen 5, ROM 0, lock 0)  PC~5b0f
#         151085807568 7FFD <= 17  (RAM 7, screen 5, ROM 1, lock 0)  PC~5b0f
#         151093092816 7FFD <= 07  (RAM 7, screen 5, ROM 0, lock 0)  PC~5b0f
#         151221486384 7FFD <= 17  (RAM 7, screen 5, ROM 1, lock 0)  PC~5b0f
#         151230485808 7FFD <= 07  (RAM 7, screen 5, ROM 0, lock 0)  PC~5b0f
#         151259787504 7FFD <= 17  (RAM 7, screen 5, ROM 1, lock 0)  PC~5b0f
#         151267072752 7FFD <= 07  (RAM 7, screen 5, ROM 0, lock 0)  PC~5b0f
#         151395430608 7FFD <= 17  (RAM 7, screen 5, ROM 1, lock 0)  PC~5b0f
#         151404403248 7FFD <= 07  (RAM 7, screen 5, ROM 0, lock 0)  PC~5b0f
#         151433740656 7FFD <= 17  (RAM 7, screen 5, ROM 1, lock 0)  PC~5b0f
#         151441034832 7FFD <= 07  (RAM 7, screen 5, ROM 0, lock 0)  PC~5b0f
#         151569437328 7FFD <= 17  (RAM 7, screen 5, ROM 1, lock 0)  PC~5b0f
#         151578409968 7FFD <= 07  (RAM 7, screen 5, ROM 0, lock 0)  PC~5b0f
#         151607658096 7FFD <= 17  (RAM 7, screen 5, ROM 1, lock 0)  PC~5b0f
#         151614952272 7FFD <= 07  (RAM 7, screen 5, ROM 0, lock 0)  PC~5b0f
#         151743444048 7FFD <= 17  (RAM 7, screen 5, ROM 1, lock 0)  PC~5b0f
#         151752363120 7FFD <= 07  (RAM 7, screen 5, ROM 0, lock 0)  PC~5b0f
#         151781736240 7FFD <= 17  (RAM 7, screen 5, ROM 1, lock 0)  PC~5b0f
#         151789012560 7FFD <= 07  (RAM 7, screen 5, ROM 0, lock 0)  PC~5b0f
#         151917415056 7FFD <= 17  (RAM 7, screen 5, ROM 1, lock 0)  PC~5b0f
#         151926343056 7FFD <= 07  (RAM 7, screen 5, ROM 0, lock 0)  PC~5b0f
#         151955635824 7FFD <= 17  (RAM 7, screen 5, ROM 1, lock 0)  PC~5b0f
#         151962921072 7FFD <= 07  (RAM 7, screen 5, ROM 0, lock 0)  PC~5b0f
#         152091421776 7FFD <= 17  (RAM 7, screen 5, ROM 1, lock 0)  PC~5b0f
#         152100385488 7FFD <= 07  (RAM 7, screen 5, ROM 0, lock 0)  PC~5b0f
#         152129749680 7FFD <= 17  (RAM 7, screen 5, ROM 1, lock 0)  PC~5b0f
#         152137034928 7FFD <= 07  (RAM 7, screen 5, ROM 0, lock 0)  PC~5b0f
#         152265535632 7FFD <= 17  (RAM 7, screen 5, ROM 1, lock 0)  PC~5b0f
#         152274499344 7FFD <= 07  (RAM 7, screen 5, ROM 0, lock 0)  PC~5b0f
#         152303863536 7FFD <= 17  (RAM 7, screen 5, ROM 1, lock 0)  PC~5b0f
#         152311148784 7FFD <= 07  (RAM 7, screen 5, ROM 0, lock 0)  PC~5b0f
#         152444934864 7FFD <= 17  (RAM 7, screen 5, ROM 1, lock 0)  PC~5b0f
#         152453862864 7FFD <= 07  (RAM 7, screen 5, ROM 0, lock 0)  PC~5b0f
#         152483155632 7FFD <= 17  (RAM 7, screen 5, ROM 1, lock 0)  PC~5b0f
#         152490440880 7FFD <= 07  (RAM 7, screen 5, ROM 0, lock 0)  PC~5b0f
#         152625717936 7FFD <= 17  (RAM 7, screen 5, ROM 1, lock 0)  PC~5b0f
#         152634717360 7FFD <= 07  (RAM 7, screen 5, ROM 0, lock 0)  PC~5b0f
#         152664706512 7FFD <= 17  (RAM 7, screen 5, ROM 1, lock 0)  PC~5b0f
#         152671991760 7FFD <= 07  (RAM 7, screen 5, ROM 0, lock 0)  PC~5b0f
#         152807206320 7FFD <= 17  (RAM 7, screen 5, ROM 1, lock 0)  PC~5b0f
#         152816178960 7FFD <= 07  (RAM 7, screen 5, ROM 0, lock 0)  PC~5b0f
#         152849676816 7FFD <= 17  (RAM 7, screen 5, ROM 1, lock 0)  PC~5b0f
#         152873237808 7FFD <= 07  (RAM 7, screen 5, ROM 0, lock 0)  PC~5b0f
#         152889192144 7FFD <= 17  (RAM 7, screen 5, ROM 1, lock 0)  PC~5b0f
#         152900923536 7FFD <= 07  (RAM 7, screen 5, ROM 0, lock 0)  PC~5b0f
#         152912699568 7FFD <= 17  (RAM 7, screen 5, ROM 1, lock 0)  PC~5b0f
#         152961758928 7FFD <= 07  (RAM 7, screen 5, ROM 0, lock 0)  PC~5b0f
#         152974383120 7FFD <= 17  (RAM 7, screen 5, ROM 1, lock 0)  PC~5b0f
#         153005586480 7FFD <= 07  (RAM 7, screen 5, ROM 0, lock 0)  PC~5b0f
#         153021594384 7FFD <= 17  (RAM 7, screen 5, ROM 1, lock 0)  PC~5b0f
#         153044735760 7FFD <= 07  (RAM 7, screen 5, ROM 0, lock 0)  PC~5b0f
#         153060752592 7FFD <= 17  (RAM 7, screen 5, ROM 1, lock 0)  PC~5b0f
#         153079715664 7FFD <= 07  (RAM 7, screen 5, ROM 0, lock 0)  PC~5b0f
#         153095714640 7FFD <= 17  (RAM 7, screen 5, ROM 1, lock 0)  PC~5b0f
#         153118748880 7FFD <= 07  (RAM 7, screen 5, ROM 0, lock 0)  PC~5b0f
#         153134712144 7FFD <= 17  (RAM 7, screen 5, ROM 1, lock 0)  PC~5b0f
#         153154076976 7FFD <= 07  (RAM 7, screen 5, ROM 0, lock 0)  PC~5b0f
#         153170040240 7FFD <= 17  (RAM 7, screen 5, ROM 1, lock 0)  PC~5b0f
#         153193145904 7FFD <= 07  (RAM 7, screen 5, ROM 0, lock 0)  PC~5b0f
#         153209171664 7FFD <= 17  (RAM 7, screen 5, ROM 1, lock 0)  PC~5b0f
#         153233920080 7FFD <= 07  (RAM 7, screen 5, ROM 0, lock 0)  PC~5b0f
#         153249910128 7FFD <= 17  (RAM 7, screen 5, ROM 1, lock 0)  PC~5b0f
#         153273051504 7FFD <= 07  (RAM 7, screen 5, ROM 0, lock 0)  PC~5b0f
#         153289068336 7FFD <= 17  (RAM 7, screen 5, ROM 1, lock 0)  PC~5b0f
#         153314441712 7FFD <= 07  (RAM 7, screen 5, ROM 0, lock 0)  PC~5b0f
#         153330378192 7FFD <= 17  (RAM 7, screen 5, ROM 1, lock 0)  PC~5b0f
#         153353492784 7FFD <= 07  (RAM 7, screen 5, ROM 0, lock 0)  PC~5b0f
#         153369500688 7FFD <= 17  (RAM 7, screen 5, ROM 1, lock 0)  PC~5b0f
#         153392168880 7FFD <= 07  (RAM 7, screen 5, ROM 0, lock 0)  PC~5b0f
#         153410346288 7FFD <= 17  (RAM 7, screen 5, ROM 1, lock 0)  PC~5b0f
#         153470092464 7FFD <= 07  (RAM 7, screen 5, ROM 0, lock 0)  PC~5b0f
#         153486055728 7FFD <= 17  (RAM 7, screen 5, ROM 1, lock 0)  PC~5b0f
#         153545891184 7FFD <= 07  (RAM 7, screen 5, ROM 0, lock 0)  PC~5b0f
#         153561997296 7FFD <= 17  (RAM 7, screen 5, ROM 1, lock 0)  PC~5b0f
#         153621636336 7FFD <= 07  (RAM 7, screen 5, ROM 0, lock 0)  PC~5b0f
#         153637662096 7FFD <= 17  (RAM 7, screen 5, ROM 1, lock 0)  PC~5b0f
#         153697881456 7FFD <= 07  (RAM 7, screen 5, ROM 0, lock 0)  PC~5b0f
#         153713987568 7FFD <= 17  (RAM 7, screen 5, ROM 1, lock 0)  PC~5b0f
#         153774206928 7FFD <= 07  (RAM 7, screen 5, ROM 0, lock 0)  PC~5b0f
#         153790313040 7FFD <= 17  (RAM 7, screen 5, ROM 1, lock 0)  PC~5b0f
#         153850532400 7FFD <= 07  (RAM 7, screen 5, ROM 0, lock 0)  PC~5b0f
#         153866638512 7FFD <= 17  (RAM 7, screen 5, ROM 1, lock 0)  PC~5b0f
#         153926857872 7FFD <= 07  (RAM 7, screen 5, ROM 0, lock 0)  PC~5b0f
#         153942963984 7FFD <= 17  (RAM 7, screen 5, ROM 1, lock 0)  PC~5b0f
#         154003183344 7FFD <= 07  (RAM 7, screen 5, ROM 0, lock 0)  PC~5b0f
#         154039582800 7FFD <= 17  (RAM 7, screen 5, ROM 1, lock 0)  PC~5b0f
#         154062652752 7FFD <= 07  (RAM 7, screen 5, ROM 0, lock 0)  PC~5b0f
#         154078678512 7FFD <= 17  (RAM 7, screen 5, ROM 1, lock 0)  PC~5b0f
#         154103489424 7FFD <= 07  (RAM 7, screen 5, ROM 0, lock 0)  PC~5b0f
#         154119524112 7FFD <= 17  (RAM 7, screen 5, ROM 1, lock 0)  PC~5b0f
#         154179895248 7FFD <= 07  (RAM 7, screen 5, ROM 0, lock 0)  PC~5b0f
#         154195947792 7FFD <= 17  (RAM 7, screen 5, ROM 1, lock 0)  PC~5b0f
#         154218982032 7FFD <= 07  (RAM 7, screen 5, ROM 0, lock 0)  PC~5b0f
#         154234998864 7FFD <= 17  (RAM 7, screen 5, ROM 1, lock 0)  PC~5b0f
#         154260238320 7FFD <= 07  (RAM 7, screen 5, ROM 0, lock 0)  PC~5b0f
#         154276281936 7FFD <= 17  (RAM 7, screen 5, ROM 1, lock 0)  PC~5b0f
#         154336358448 7FFD <= 07  (RAM 7, screen 5, ROM 0, lock 0)  PC~5b0f
#         154352437776 7FFD <= 17  (RAM 7, screen 5, ROM 1, lock 0)  PC~5b0f
#         154375311312 7FFD <= 07  (RAM 7, screen 5, ROM 0, lock 0)  PC~5b0f
#         154391292432 7FFD <= 17  (RAM 7, screen 5, ROM 1, lock 0)  PC~5b0f
#         154416130128 7FFD <= 07  (RAM 7, screen 5, ROM 0, lock 0)  PC~5b0f
#         154432155888 7FFD <= 17  (RAM 7, screen 5, ROM 1, lock 0)  PC~5b0f
#         154492535952 7FFD <= 07  (RAM 7, screen 5, ROM 0, lock 0)  PC~5b0f
#         154508579568 7FFD <= 17  (RAM 7, screen 5, ROM 1, lock 0)  PC~5b0f
#         154531470960 7FFD <= 07  (RAM 7, screen 5, ROM 0, lock 0)  PC~5b0f
#         154547452080 7FFD <= 17  (RAM 7, screen 5, ROM 1, lock 0)  PC~5b0f
#         154572745104 7FFD <= 07  (RAM 7, screen 5, ROM 0, lock 0)  PC~5b0f
#         154588699440 7FFD <= 17  (RAM 7, screen 5, ROM 1, lock 0)  PC~5b0f
#         154648695600 7FFD <= 07  (RAM 7, screen 5, ROM 0, lock 0)  PC~5b0f
#         154664685648 7FFD <= 17  (RAM 7, screen 5, ROM 1, lock 0)  PC~5b0f
#         154687880592 7FFD <= 07  (RAM 7, screen 5, ROM 0, lock 0)  PC~5b0f
#         154703843856 7FFD <= 17  (RAM 7, screen 5, ROM 1, lock 0)  PC~5b0f
#         154728690480 7FFD <= 07  (RAM 7, screen 5, ROM 0, lock 0)  PC~5b0f
#         154744680528 7FFD <= 17  (RAM 7, screen 5, ROM 1, lock 0)  PC~5b0f
#         154805033808 7FFD <= 07  (RAM 7, screen 5, ROM 0, lock 0)  PC~5b0f
#         154825755696 7FFD <= 17  (RAM 7, screen 5, ROM 1, lock 0)  PC~5b0f
#         154848870288 7FFD <= 07  (RAM 7, screen 5, ROM 0, lock 0)  PC~5b0f
#         154864878192 7FFD <= 17  (RAM 7, screen 5, ROM 1, lock 0)  PC~5b0f
#         154890162288 7FFD <= 07  (RAM 7, screen 5, ROM 0, lock 0)  PC~5b0f
#         154906161264 7FFD <= 17  (RAM 7, screen 5, ROM 1, lock 0)  PC~5b0f
#         154966291344 7FFD <= 07  (RAM 7, screen 5, ROM 0, lock 0)  PC~5b0f
#         154982317104 7FFD <= 17  (RAM 7, screen 5, ROM 1, lock 0)  PC~5b0f
#         155005387056 7FFD <= 07  (RAM 7, screen 5, ROM 0, lock 0)  PC~5b0f
#         155021394960 7FFD <= 17  (RAM 7, screen 5, ROM 1, lock 0)  PC~5b0f
#         155046795120 7FFD <= 07  (RAM 7, screen 5, ROM 0, lock 0)  PC~5b0f
#         155062803024 7FFD <= 17  (RAM 7, screen 5, ROM 1, lock 0)  PC~5b0f
#         155085828336 7FFD <= 07  (RAM 7, screen 5, ROM 0, lock 0)  PC~5b0f
#         155101845168 7FFD <= 17  (RAM 7, screen 5, ROM 1, lock 0)  PC~5b0f
#         155126647152 7FFD <= 07  (RAM 7, screen 5, ROM 0, lock 0)  PC~5b0f
#         155144833488 7FFD <= 17  (RAM 7, screen 5, ROM 1, lock 0)  PC~5b0f
#         155168358768 7FFD <= 07  (RAM 7, screen 5, ROM 0, lock 0)  PC~5b0f
#         155183134608 7FFD <= 17  (RAM 7, screen 5, ROM 1, lock 0)  PC~5b0f
#         155194839216 7FFD <= 07  (RAM 7, screen 5, ROM 0, lock 0)  PC~5b0f
#         155209615056 7FFD <= 17  (RAM 7, screen 5, ROM 1, lock 0)  PC~5b0f
#         155240871984 7FFD <= 07  (RAM 7, screen 5, ROM 0, lock 0)  PC~5b0f
#         155256781680 7FFD <= 17  (RAM 7, screen 5, ROM 1, lock 0)  PC~5b0f
#         155317313520 7FFD <= 07  (RAM 7, screen 5, ROM 0, lock 0)  PC~5b0f
#         155333008944 7FFD <= 17  (RAM 7, screen 5, ROM 1, lock 0)  PC~5b0f
#         155393281872 7FFD <= 07  (RAM 7, screen 5, ROM 0, lock 0)  PC~5b0f
#         155409414768 7FFD <= 17  (RAM 7, screen 5, ROM 1, lock 0)  PC~5b0f
#         155469589488 7FFD <= 07  (RAM 7, screen 5, ROM 0, lock 0)  PC~5b0f
#         155485811664 7FFD <= 17  (RAM 7, screen 5, ROM 1, lock 0)  PC~5b0f
#         155598679440 7FFD <= 07  (RAM 7, screen 5, ROM 0, lock 0)  PC~5b0f
#         155614901616 7FFD <= 17  (RAM 7, screen 5, ROM 1, lock 0)  PC~5b0f
#         155670090800 140 ms: PC~0aec  M1=410987  T-states=3833817  INTs=54  stall clks=345731  border=7  SDRAM model errors=0
#         155675183472 7FFD <= 07  (RAM 7, screen 5, ROM 0, lock 0)  PC~5b0f
#         155691280656 7FFD <= 17  (RAM 7, screen 5, ROM 1, lock 0)  PC~5b0f
#         155751955344 7FFD <= 07  (RAM 7, screen 5, ROM 0, lock 0)  PC~5b0f
#         155768106096 7FFD <= 17  (RAM 7, screen 5, ROM 1, lock 0)  PC~5b0f
#         155828325456 7FFD <= 07  (RAM 7, screen 5, ROM 0, lock 0)  PC~5b0f
#         155844485136 7FFD <= 17  (RAM 7, screen 5, ROM 1, lock 0)  PC~5b0f
#         155904731280 7FFD <= 07  (RAM 7, screen 5, ROM 0, lock 0)  PC~5b0f
#         155920890960 7FFD <= 17  (RAM 7, screen 5, ROM 1, lock 0)  PC~5b0f
#         155981137104 7FFD <= 07  (RAM 7, screen 5, ROM 0, lock 0)  PC~5b0f
#         155997296784 7FFD <= 17  (RAM 7, screen 5, ROM 1, lock 0)  PC~5b0f
#         156057542928 7FFD <= 07  (RAM 7, screen 5, ROM 0, lock 0)  PC~5b0f
#         156073702608 7FFD <= 17  (RAM 7, screen 5, ROM 1, lock 0)  PC~5b0f
#         156133948752 7FFD <= 07  (RAM 7, screen 5, ROM 0, lock 0)  PC~5b0f
#         156150510192 7FFD <= 17  (RAM 7, screen 5, ROM 1, lock 0)  PC~5b0f
#         156210720624 7FFD <= 07  (RAM 7, screen 5, ROM 0, lock 0)  PC~5b0f
#         156225630384 7FFD <= 17  (RAM 7, screen 5, ROM 1, lock 0)  PC~5b0f
#         156286206864 7FFD <= 07  (RAM 7, screen 5, ROM 0, lock 0)  PC~5b0f
#         156301571952 7FFD <= 17  (RAM 7, screen 5, ROM 1, lock 0)  PC~5b0f
#         156362246640 7FFD <= 07  (RAM 7, screen 5, ROM 0, lock 0)  PC~5b0f
#         156378558096 7FFD <= 17  (RAM 7, screen 5, ROM 1, lock 0)  PC~5b0f
#         156402101232 7FFD <= 07  (RAM 7, screen 5, ROM 0, lock 0)  PC~5b0f
#         156416921712 7FFD <= 17  (RAM 7, screen 5, ROM 1, lock 0)  PC~5b0f
#         156428670960 7FFD <= 07  (RAM 7, screen 5, ROM 0, lock 0)  PC~5b0f
#         156443536080 7FFD <= 17  (RAM 7, screen 5, ROM 1, lock 0)  PC~5b0f
#         156474953712 7FFD <= 07  (RAM 7, screen 5, ROM 0, lock 0)  PC~5b0f
#         156491497296 7FFD <= 17  (RAM 7, screen 5, ROM 1, lock 0)  PC~5b0f
#         156552020208 7FFD <= 07  (RAM 7, screen 5, ROM 0, lock 0)  PC~5b0f
#         156567697776 7FFD <= 17  (RAM 7, screen 5, ROM 1, lock 0)  PC~5b0f
#         156627890352 7FFD <= 07  (RAM 7, screen 5, ROM 0, lock 0)  PC~5b0f
#         156644014320 7FFD <= 17  (RAM 7, screen 5, ROM 1, lock 0)  PC~5b0f
#         156704242608 7FFD <= 07  (RAM 7, screen 5, ROM 0, lock 0)  PC~5b0f
#         156720393360 7FFD <= 17  (RAM 7, screen 5, ROM 1, lock 0)  PC~5b0f
#         156780612720 7FFD <= 07  (RAM 7, screen 5, ROM 0, lock 0)  PC~5b0f
#         156796772400 7FFD <= 17  (RAM 7, screen 5, ROM 1, lock 0)  PC~5b0f
#         156857384592 7FFD <= 07  (RAM 7, screen 5, ROM 0, lock 0)  PC~5b0f
#         156873579984 7FFD <= 17  (RAM 7, screen 5, ROM 1, lock 0)  PC~5b0f
#         156933754704 7FFD <= 07  (RAM 7, screen 5, ROM 0, lock 0)  PC~5b0f
#         156949842960 7FFD <= 17  (RAM 7, screen 5, ROM 1, lock 0)  PC~5b0f
#         157009999824 7FFD <= 07  (RAM 7, screen 5, ROM 0, lock 0)  PC~5b0f
#         157026159504 7FFD <= 17  (RAM 7, screen 5, ROM 1, lock 0)  PC~5b0f
#         157086441360 7FFD <= 07  (RAM 7, screen 5, ROM 0, lock 0)  PC~5b0f
#         157102663536 7FFD <= 17  (RAM 7, screen 5, ROM 1, lock 0)  PC~5b0f
#         157162945392 7FFD <= 07  (RAM 7, screen 5, ROM 0, lock 0)  PC~5b0f
#         157179497904 7FFD <= 17  (RAM 7, screen 5, ROM 1, lock 0)  PC~5b0f
#         157239717264 7FFD <= 07  (RAM 7, screen 5, ROM 0, lock 0)  PC~5b0f
#         157254671664 7FFD <= 17  (RAM 7, screen 5, ROM 1, lock 0)  PC~5b0f
#         157315087440 7FFD <= 07  (RAM 7, screen 5, ROM 0, lock 0)  PC~5b0f
#         157330497168 7FFD <= 17  (RAM 7, screen 5, ROM 1, lock 0)  PC~5b0f
#         157391109360 7FFD <= 07  (RAM 7, screen 5, ROM 0, lock 0)  PC~5b0f
#         157406519088 7FFD <= 17  (RAM 7, screen 5, ROM 1, lock 0)  PC~5b0f
#         157467131280 7FFD <= 07  (RAM 7, screen 5, ROM 0, lock 0)  PC~5b0f
#         157482541008 7FFD <= 17  (RAM 7, screen 5, ROM 1, lock 0)  PC~5b0f
#         157543153200 7FFD <= 07  (RAM 7, screen 5, ROM 0, lock 0)  PC~5b0f
#         157559464656 7FFD <= 17  (RAM 7, screen 5, ROM 1, lock 0)  PC~5b0f
#         157583016720 7FFD <= 07  (RAM 7, screen 5, ROM 0, lock 0)  PC~5b0f
#         157597828272 7FFD <= 17  (RAM 7, screen 5, ROM 1, lock 0)  PC~5b0f
#         157609541808 7FFD <= 07  (RAM 7, screen 5, ROM 0, lock 0)  PC~5b0f
#         157624353360 7FFD <= 17  (RAM 7, screen 5, ROM 1, lock 0)  PC~5b0f
#         157655565648 7FFD <= 07  (RAM 7, screen 5, ROM 0, lock 0)  PC~5b0f
#         157672046736 7FFD <= 17  (RAM 7, screen 5, ROM 1, lock 0)  PC~5b0f
#         157732578576 7FFD <= 07  (RAM 7, screen 5, ROM 0, lock 0)  PC~5b0f
#         157748274000 7FFD <= 17  (RAM 7, screen 5, ROM 1, lock 0)  PC~5b0f
#         157808546928 7FFD <= 07  (RAM 7, screen 5, ROM 0, lock 0)  PC~5b0f
#         157824679824 7FFD <= 17  (RAM 7, screen 5, ROM 1, lock 0)  PC~5b0f
#         157884854544 7FFD <= 07  (RAM 7, screen 5, ROM 0, lock 0)  PC~5b0f
#         157901076720 7FFD <= 17  (RAM 7, screen 5, ROM 1, lock 0)  PC~5b0f
#         157961358576 7FFD <= 07  (RAM 7, screen 5, ROM 0, lock 0)  PC~5b0f
#         157977455760 7FFD <= 17  (RAM 7, screen 5, ROM 1, lock 0)  PC~5b0f
#         158037648336 7FFD <= 07  (RAM 7, screen 5, ROM 0, lock 0)  PC~5b0f
#         158053772304 7FFD <= 17  (RAM 7, screen 5, ROM 1, lock 0)  PC~5b0f
#         158159595888 7FFD <= 07  (RAM 7, screen 5, ROM 0, lock 0)  PC~5b0f
#         158175710928 7FFD <= 17  (RAM 7, screen 5, ROM 1, lock 0)  PC~5b0f
#         158235930288 7FFD <= 07  (RAM 7, screen 5, ROM 0, lock 0)  PC~5b0f
#         158252089968 7FFD <= 17  (RAM 7, screen 5, ROM 1, lock 0)  PC~5b0f
#         158312336112 7FFD <= 07  (RAM 7, screen 5, ROM 0, lock 0)  PC~5b0f
#         158328495792 7FFD <= 17  (RAM 7, screen 5, ROM 1, lock 0)  PC~5b0f
#         158388741936 7FFD <= 07  (RAM 7, screen 5, ROM 0, lock 0)  PC~5b0f
#         158404901616 7FFD <= 17  (RAM 7, screen 5, ROM 1, lock 0)  PC~5b0f
#         158465147760 7FFD <= 07  (RAM 7, screen 5, ROM 0, lock 0)  PC~5b0f
#         158481709200 7FFD <= 17  (RAM 7, screen 5, ROM 1, lock 0)  PC~5b0f
#         158541919632 7FFD <= 07  (RAM 7, screen 5, ROM 0, lock 0)  PC~5b0f
#         158556829392 7FFD <= 17  (RAM 7, screen 5, ROM 1, lock 0)  PC~5b0f
#         158617405872 7FFD <= 07  (RAM 7, screen 5, ROM 0, lock 0)  PC~5b0f
#         158632770960 7FFD <= 17  (RAM 7, screen 5, ROM 1, lock 0)  PC~5b0f
#         158693445648 7FFD <= 07  (RAM 7, screen 5, ROM 0, lock 0)  PC~5b0f
#         158708810736 7FFD <= 17  (RAM 7, screen 5, ROM 1, lock 0)  PC~5b0f
#         158769485424 7FFD <= 07  (RAM 7, screen 5, ROM 0, lock 0)  PC~5b0f
#         158785796880 7FFD <= 17  (RAM 7, screen 5, ROM 1, lock 0)  PC~5b0f
#         158809340016 7FFD <= 07  (RAM 7, screen 5, ROM 0, lock 0)  PC~5b0f
#         158824160496 7FFD <= 17  (RAM 7, screen 5, ROM 1, lock 0)  PC~5b0f
#         158835909744 7FFD <= 07  (RAM 7, screen 5, ROM 0, lock 0)  PC~5b0f
#         158850774864 7FFD <= 17  (RAM 7, screen 5, ROM 1, lock 0)  PC~5b0f
#         158882192496 7FFD <= 07  (RAM 7, screen 5, ROM 0, lock 0)  PC~5b0f
#         158898736080 7FFD <= 17  (RAM 7, screen 5, ROM 1, lock 0)  PC~5b0f
#         158959258992 7FFD <= 07  (RAM 7, screen 5, ROM 0, lock 0)  PC~5b0f
#         158974936560 7FFD <= 17  (RAM 7, screen 5, ROM 1, lock 0)  PC~5b0f
#         159035129136 7FFD <= 07  (RAM 7, screen 5, ROM 0, lock 0)  PC~5b0f
#         159051253104 7FFD <= 17  (RAM 7, screen 5, ROM 1, lock 0)  PC~5b0f
#         159111481392 7FFD <= 07  (RAM 7, screen 5, ROM 0, lock 0)  PC~5b0f
#         159127632144 7FFD <= 17  (RAM 7, screen 5, ROM 1, lock 0)  PC~5b0f
#         159188235408 7FFD <= 07  (RAM 7, screen 5, ROM 0, lock 0)  PC~5b0f
#         159204430800 7FFD <= 17  (RAM 7, screen 5, ROM 1, lock 0)  PC~5b0f
#         159264605520 7FFD <= 07  (RAM 7, screen 5, ROM 0, lock 0)  PC~5b0f
#         159280693776 7FFD <= 17  (RAM 7, screen 5, ROM 1, lock 0)  PC~5b0f
#         159340850640 7FFD <= 07  (RAM 7, screen 5, ROM 0, lock 0)  PC~5b0f
#         159357010320 7FFD <= 17  (RAM 7, screen 5, ROM 1, lock 0)  PC~5b0f
#         159417292176 7FFD <= 07  (RAM 7, screen 5, ROM 0, lock 0)  PC~5b0f
#         159433514352 7FFD <= 17  (RAM 7, screen 5, ROM 1, lock 0)  PC~5b0f
#         159493796208 7FFD <= 07  (RAM 7, screen 5, ROM 0, lock 0)  PC~5b0f
#         159510348720 7FFD <= 17  (RAM 7, screen 5, ROM 1, lock 0)  PC~5b0f
#         159570568080 7FFD <= 07  (RAM 7, screen 5, ROM 0, lock 0)  PC~5b0f
#         159585522480 7FFD <= 17  (RAM 7, screen 5, ROM 1, lock 0)  PC~5b0f
#         159645938256 7FFD <= 07  (RAM 7, screen 5, ROM 0, lock 0)  PC~5b0f
#         159661347984 7FFD <= 17  (RAM 7, screen 5, ROM 1, lock 0)  PC~5b0f
#         159721960176 7FFD <= 07  (RAM 7, screen 5, ROM 0, lock 0)  PC~5b0f
#         159737369904 7FFD <= 17  (RAM 7, screen 5, ROM 1, lock 0)  PC~5b0f
#         159797982096 7FFD <= 07  (RAM 7, screen 5, ROM 0, lock 0)  PC~5b0f
#         159813391824 7FFD <= 17  (RAM 7, screen 5, ROM 1, lock 0)  PC~5b0f
#         159874004016 7FFD <= 07  (RAM 7, screen 5, ROM 0, lock 0)  PC~5b0f
#         159889413744 7FFD <= 17  (RAM 7, screen 5, ROM 1, lock 0)  PC~5b0f
#         159950025936 7FFD <= 07  (RAM 7, screen 5, ROM 0, lock 0)  PC~5b0f
#         159966337392 7FFD <= 17  (RAM 7, screen 5, ROM 1, lock 0)  PC~5b0f
#         159989889456 7FFD <= 07  (RAM 7, screen 5, ROM 0, lock 0)  PC~5b0f
#         160004701008 7FFD <= 17  (RAM 7, screen 5, ROM 1, lock 0)  PC~5b0f
#         160016414544 7FFD <= 07  (RAM 7, screen 5, ROM 0, lock 0)  PC~5b0f
#         160031226096 7FFD <= 17  (RAM 7, screen 5, ROM 1, lock 0)  PC~5b0f
#         160062438384 7FFD <= 07  (RAM 7, screen 5, ROM 0, lock 0)  PC~5b0f
#         160078919472 7FFD <= 17  (RAM 7, screen 5, ROM 1, lock 0)  PC~5b0f
#         160139451312 7FFD <= 07  (RAM 7, screen 5, ROM 0, lock 0)  PC~5b0f
#         160155146736 7FFD <= 17  (RAM 7, screen 5, ROM 1, lock 0)  PC~5b0f
#         160215419664 7FFD <= 07  (RAM 7, screen 5, ROM 0, lock 0)  PC~5b0f
#         160231552560 7FFD <= 17  (RAM 7, screen 5, ROM 1, lock 0)  PC~5b0f
#         160291727280 7FFD <= 07  (RAM 7, screen 5, ROM 0, lock 0)  PC~5b0f
#         160307949456 7FFD <= 17  (RAM 7, screen 5, ROM 1, lock 0)  PC~5b0f
#         160368231312 7FFD <= 07  (RAM 7, screen 5, ROM 0, lock 0)  PC~5b0f
#         160384328496 7FFD <= 17  (RAM 7, screen 5, ROM 1, lock 0)  PC~5b0f
#         160444521072 7FFD <= 07  (RAM 7, screen 5, ROM 0, lock 0)  PC~5b0f
#         160460645040 7FFD <= 17  (RAM 7, screen 5, ROM 1, lock 0)  PC~5b0f
#         160521221520 7FFD <= 07  (RAM 7, screen 5, ROM 0, lock 0)  PC~5b0f
#         160537372272 7FFD <= 17  (RAM 7, screen 5, ROM 1, lock 0)  PC~5b0f
#         160597591632 7FFD <= 07  (RAM 7, screen 5, ROM 0, lock 0)  PC~5b0f
#         160613751312 7FFD <= 17  (RAM 7, screen 5, ROM 1, lock 0)  PC~5b0f
#         160673997456 7FFD <= 07  (RAM 7, screen 5, ROM 0, lock 0)  PC~5b0f
#         160690157136 7FFD <= 17  (RAM 7, screen 5, ROM 1, lock 0)  PC~5b0f
#         160802953488 7FFD <= 07  (RAM 7, screen 5, ROM 0, lock 0)  PC~5b0f
#         160819104240 7FFD <= 17  (RAM 7, screen 5, ROM 1, lock 0)  PC~5b0f
#         160879323600 7FFD <= 07  (RAM 7, screen 5, ROM 0, lock 0)  PC~5b0f
#         160895483280 7FFD <= 17  (RAM 7, screen 5, ROM 1, lock 0)  PC~5b0f
#         160955729424 7FFD <= 07  (RAM 7, screen 5, ROM 0, lock 0)  PC~5b0f
#         160972290864 7FFD <= 17  (RAM 7, screen 5, ROM 1, lock 0)  PC~5b0f
#         161032501296 7FFD <= 07  (RAM 7, screen 5, ROM 0, lock 0)  PC~5b0f
#         161047411056 7FFD <= 17  (RAM 7, screen 5, ROM 1, lock 0)  PC~5b0f
#         161107987536 7FFD <= 07  (RAM 7, screen 5, ROM 0, lock 0)  PC~5b0f
#         161123352624 7FFD <= 17  (RAM 7, screen 5, ROM 1, lock 0)  PC~5b0f
#         161184027312 7FFD <= 07  (RAM 7, screen 5, ROM 0, lock 0)  PC~5b0f
#         161200338768 7FFD <= 17  (RAM 7, screen 5, ROM 1, lock 0)  PC~5b0f
#         161223881904 7FFD <= 07  (RAM 7, screen 5, ROM 0, lock 0)  PC~5b0f
#         161238702384 7FFD <= 17  (RAM 7, screen 5, ROM 1, lock 0)  PC~5b0f
#         161250451632 7FFD <= 07  (RAM 7, screen 5, ROM 0, lock 0)  PC~5b0f
#         161265316752 7FFD <= 17  (RAM 7, screen 5, ROM 1, lock 0)  PC~5b0f
#         161296734384 7FFD <= 07  (RAM 7, screen 5, ROM 0, lock 0)  PC~5b0f
#         161313277968 7FFD <= 17  (RAM 7, screen 5, ROM 1, lock 0)  PC~5b0f
#         161373800880 7FFD <= 07  (RAM 7, screen 5, ROM 0, lock 0)  PC~5b0f
#         161389960560 7FFD <= 17  (RAM 7, screen 5, ROM 1, lock 0)  PC~5b0f
#         161450590608 7FFD <= 07  (RAM 7, screen 5, ROM 0, lock 0)  PC~5b0f
#         161465464656 7FFD <= 17  (RAM 7, screen 5, ROM 1, lock 0)  PC~5b0f
#         161525969712 7FFD <= 07  (RAM 7, screen 5, ROM 0, lock 0)  PC~5b0f
#         161541325872 7FFD <= 17  (RAM 7, screen 5, ROM 1, lock 0)  PC~5b0f
#         161601857712 7FFD <= 07  (RAM 7, screen 5, ROM 0, lock 0)  PC~5b0f
#         161617213872 7FFD <= 17  (RAM 7, screen 5, ROM 1, lock 0)  PC~5b0f
#         161677745712 7FFD <= 07  (RAM 7, screen 5, ROM 0, lock 0)  PC~5b0f
#         161693101872 7FFD <= 17  (RAM 7, screen 5, ROM 1, lock 0)  PC~5b0f
#         161753633712 7FFD <= 07  (RAM 7, screen 5, ROM 0, lock 0)  PC~5b0f
#         161768989872 7FFD <= 17  (RAM 7, screen 5, ROM 1, lock 0)  PC~5b0f
#         161829521712 7FFD <= 07  (RAM 7, screen 5, ROM 0, lock 0)  PC~5b0f
#         161844877872 7FFD <= 17  (RAM 7, screen 5, ROM 1, lock 0)  PC~5b0f
#         161905409712 7FFD <= 07  (RAM 7, screen 5, ROM 0, lock 0)  PC~5b0f
#         161920765872 7FFD <= 17  (RAM 7, screen 5, ROM 1, lock 0)  PC~5b0f
#         161981297712 7FFD <= 07  (RAM 7, screen 5, ROM 0, lock 0)  PC~5b0f
#         161996653872 7FFD <= 17  (RAM 7, screen 5, ROM 1, lock 0)  PC~5b0f
#         162057185712 7FFD <= 07  (RAM 7, screen 5, ROM 0, lock 0)  PC~5b0f
#         162072541872 7FFD <= 17  (RAM 7, screen 5, ROM 1, lock 0)  PC~5b0f
#         162133073712 7FFD <= 07  (RAM 7, screen 5, ROM 0, lock 0)  PC~5b0f
#         162148429872 7FFD <= 17  (RAM 7, screen 5, ROM 1, lock 0)  PC~5b0f
#         162208961712 7FFD <= 07  (RAM 7, screen 5, ROM 0, lock 0)  PC~5b0f
#         162224317872 7FFD <= 17  (RAM 7, screen 5, ROM 1, lock 0)  PC~5b0f
#         162284849712 7FFD <= 07  (RAM 7, screen 5, ROM 0, lock 0)  PC~5b0f
#         162300205872 7FFD <= 17  (RAM 7, screen 5, ROM 1, lock 0)  PC~5b0f
#         162360737712 7FFD <= 07  (RAM 7, screen 5, ROM 0, lock 0)  PC~5b0f
#         162377058096 7FFD <= 17  (RAM 7, screen 5, ROM 1, lock 0)  PC~5b0f
#         162400583376 7FFD <= 07  (RAM 7, screen 5, ROM 0, lock 0)  PC~5b0f
#         162415359216 7FFD <= 17  (RAM 7, screen 5, ROM 1, lock 0)  PC~5b0f
#         162427063824 7FFD <= 07  (RAM 7, screen 5, ROM 0, lock 0)  PC~5b0f
#         162441839664 7FFD <= 17  (RAM 7, screen 5, ROM 1, lock 0)  PC~5b0f
#         162473096592 7FFD <= 07  (RAM 7, screen 5, ROM 0, lock 0)  PC~5b0f
#         162493238160 7FFD <= 17  (RAM 7, screen 5, ROM 1, lock 0)  PC~5b0f
#         162513156528 7FFD <= 07  (RAM 7, screen 5, ROM 0, lock 0)  PC~5b0f
#         162531307152 7FFD <= 17  (RAM 7, screen 5, ROM 1, lock 0)  PC~5b0f
#         162551279088 7FFD <= 07  (RAM 7, screen 5, ROM 0, lock 0)  PC~5b0f
#         162569447568 7FFD <= 17  (RAM 7, screen 5, ROM 1, lock 0)  PC~5b0f
#         162589419504 7FFD <= 07  (RAM 7, screen 5, ROM 0, lock 0)  PC~5b0f
#         162607587984 7FFD <= 17  (RAM 7, screen 5, ROM 1, lock 0)  PC~5b0f
#         162627559920 7FFD <= 07  (RAM 7, screen 5, ROM 0, lock 0)  PC~5b0f
#         162645728400 7FFD <= 17  (RAM 7, screen 5, ROM 1, lock 0)  PC~5b0f
#         162665682480 7FFD <= 07  (RAM 7, screen 5, ROM 0, lock 0)  PC~5b0f
#         162683850960 7FFD <= 17  (RAM 7, screen 5, ROM 1, lock 0)  PC~5b0f
#         162703805040 7FFD <= 07  (RAM 7, screen 5, ROM 0, lock 0)  PC~5b0f
#         162721973520 7FFD <= 17  (RAM 7, screen 5, ROM 1, lock 0)  PC~5b0f
#         162741927600 7FFD <= 07  (RAM 7, screen 5, ROM 0, lock 0)  PC~5b0f
#         162760096080 7FFD <= 17  (RAM 7, screen 5, ROM 1, lock 0)  PC~5b0f
#         162780050160 7FFD <= 07  (RAM 7, screen 5, ROM 0, lock 0)  PC~5b0f
#         162798218640 7FFD <= 17  (RAM 7, screen 5, ROM 1, lock 0)  PC~5b0f
#         162818190576 7FFD <= 07  (RAM 7, screen 5, ROM 0, lock 0)  PC~5b0f
#         162836359056 7FFD <= 17  (RAM 7, screen 5, ROM 1, lock 0)  PC~5b0f
#         162856330992 7FFD <= 07  (RAM 7, screen 5, ROM 0, lock 0)  PC~5b0f
#         162874499472 7FFD <= 17  (RAM 7, screen 5, ROM 1, lock 0)  PC~5b0f
#         162894471408 7FFD <= 07  (RAM 7, screen 5, ROM 0, lock 0)  PC~5b0f
#         162912639888 7FFD <= 17  (RAM 7, screen 5, ROM 1, lock 0)  PC~5b0f
#         162932611824 7FFD <= 07  (RAM 7, screen 5, ROM 0, lock 0)  PC~5b0f
#         162950780304 7FFD <= 17  (RAM 7, screen 5, ROM 1, lock 0)  PC~5b0f
#         162970734384 7FFD <= 07  (RAM 7, screen 5, ROM 0, lock 0)  PC~5b0f
#         162988902864 7FFD <= 17  (RAM 7, screen 5, ROM 1, lock 0)  PC~5b0f
#         163008856944 7FFD <= 07  (RAM 7, screen 5, ROM 0, lock 0)  PC~5b0f
#         163027025424 7FFD <= 17  (RAM 7, screen 5, ROM 1, lock 0)  PC~5b0f
#         163046979504 7FFD <= 07  (RAM 7, screen 5, ROM 0, lock 0)  PC~5b0f
#         163065147984 7FFD <= 17  (RAM 7, screen 5, ROM 1, lock 0)  PC~5b0f
#         163085102064 7FFD <= 07  (RAM 7, screen 5, ROM 0, lock 0)  PC~5b0f
#         163103270544 7FFD <= 17  (RAM 7, screen 5, ROM 1, lock 0)  PC~5b0f
#         163123242480 7FFD <= 07  (RAM 7, screen 5, ROM 0, lock 0)  PC~5b0f
#         163141410960 7FFD <= 17  (RAM 7, screen 5, ROM 1, lock 0)  PC~5b0f
#         163161382896 7FFD <= 07  (RAM 7, screen 5, ROM 0, lock 0)  PC~5b0f
#         163179551376 7FFD <= 17  (RAM 7, screen 5, ROM 1, lock 0)  PC~5b0f
#         163199523312 7FFD <= 07  (RAM 7, screen 5, ROM 0, lock 0)  PC~5b0f
#         163217691792 7FFD <= 17  (RAM 7, screen 5, ROM 1, lock 0)  PC~5b0f
#         163237663728 7FFD <= 07  (RAM 7, screen 5, ROM 0, lock 0)  PC~5b0f
#         163255832208 7FFD <= 17  (RAM 7, screen 5, ROM 1, lock 0)  PC~5b0f
#         163275786288 7FFD <= 07  (RAM 7, screen 5, ROM 0, lock 0)  PC~5b0f
#         163293954768 7FFD <= 17  (RAM 7, screen 5, ROM 1, lock 0)  PC~5b0f
#         163359459504 7FFD <= 07  (RAM 7, screen 5, ROM 0, lock 0)  PC~5b0f
#         163377627984 7FFD <= 17  (RAM 7, screen 5, ROM 1, lock 0)  PC~5b0f
#         163397582064 7FFD <= 07  (RAM 7, screen 5, ROM 0, lock 0)  PC~5b0f
#         163415750544 7FFD <= 17  (RAM 7, screen 5, ROM 1, lock 0)  PC~5b0f
#         163435704624 7FFD <= 07  (RAM 7, screen 5, ROM 0, lock 0)  PC~5b0f
#         163453873104 7FFD <= 17  (RAM 7, screen 5, ROM 1, lock 0)  PC~5b0f
#         163473845040 7FFD <= 07  (RAM 7, screen 5, ROM 0, lock 0)  PC~5b0f
#         163492013520 7FFD <= 17  (RAM 7, screen 5, ROM 1, lock 0)  PC~5b0f
#         163511985456 7FFD <= 07  (RAM 7, screen 5, ROM 0, lock 0)  PC~5b0f
#         163530153936 7FFD <= 17  (RAM 7, screen 5, ROM 1, lock 0)  PC~5b0f
#         163550125872 7FFD <= 07  (RAM 7, screen 5, ROM 0, lock 0)  PC~5b0f
#         163568294352 7FFD <= 17  (RAM 7, screen 5, ROM 1, lock 0)  PC~5b0f
#         163588266288 7FFD <= 07  (RAM 7, screen 5, ROM 0, lock 0)  PC~5b0f
#         163606434768 7FFD <= 17  (RAM 7, screen 5, ROM 1, lock 0)  PC~5b0f
#         163626388848 7FFD <= 07  (RAM 7, screen 5, ROM 0, lock 0)  PC~5b0f
#         163644557328 7FFD <= 17  (RAM 7, screen 5, ROM 1, lock 0)  PC~5b0f
#         163664511408 7FFD <= 07  (RAM 7, screen 5, ROM 0, lock 0)  PC~5b0f
#         163682679888 7FFD <= 17  (RAM 7, screen 5, ROM 1, lock 0)  PC~5b0f
#         163702633968 7FFD <= 07  (RAM 7, screen 5, ROM 0, lock 0)  PC~5b0f
#         163720802448 7FFD <= 17  (RAM 7, screen 5, ROM 1, lock 0)  PC~5b0f
#         163740756528 7FFD <= 07  (RAM 7, screen 5, ROM 0, lock 0)  PC~5b0f
#         163758925008 7FFD <= 17  (RAM 7, screen 5, ROM 1, lock 0)  PC~5b0f
#         163778896944 7FFD <= 07  (RAM 7, screen 5, ROM 0, lock 0)  PC~5b0f
#         163797065424 7FFD <= 17  (RAM 7, screen 5, ROM 1, lock 0)  PC~5b0f
#         163817037360 7FFD <= 07  (RAM 7, screen 5, ROM 0, lock 0)  PC~5b0f
#         163835205840 7FFD <= 17  (RAM 7, screen 5, ROM 1, lock 0)  PC~5b0f
#         163855177776 7FFD <= 07  (RAM 7, screen 5, ROM 0, lock 0)  PC~5b0f
#         163873346256 7FFD <= 17  (RAM 7, screen 5, ROM 1, lock 0)  PC~5b0f
#         163893318192 7FFD <= 07  (RAM 7, screen 5, ROM 0, lock 0)  PC~5b0f
#         163911486672 7FFD <= 17  (RAM 7, screen 5, ROM 1, lock 0)  PC~5b0f
#         163931440752 7FFD <= 07  (RAM 7, screen 5, ROM 0, lock 0)  PC~5b0f
#         163949609232 7FFD <= 17  (RAM 7, screen 5, ROM 1, lock 0)  PC~5b0f
#         163969563312 7FFD <= 07  (RAM 7, screen 5, ROM 0, lock 0)  PC~5b0f
#         163987731792 7FFD <= 17  (RAM 7, screen 5, ROM 1, lock 0)  PC~5b0f
#         164007685872 7FFD <= 07  (RAM 7, screen 5, ROM 0, lock 0)  PC~5b0f
#         164025854352 7FFD <= 17  (RAM 7, screen 5, ROM 1, lock 0)  PC~5b0f
#         164045808432 7FFD <= 07  (RAM 7, screen 5, ROM 0, lock 0)  PC~5b0f
#         164063976912 7FFD <= 17  (RAM 7, screen 5, ROM 1, lock 0)  PC~5b0f
#         164083948848 7FFD <= 07  (RAM 7, screen 5, ROM 0, lock 0)  PC~5b0f
#         164102117328 7FFD <= 17  (RAM 7, screen 5, ROM 1, lock 0)  PC~5b0f
#         164122089264 7FFD <= 07  (RAM 7, screen 5, ROM 0, lock 0)  PC~5b0f
#         164140257744 7FFD <= 17  (RAM 7, screen 5, ROM 1, lock 0)  PC~5b0f
#         164160229680 7FFD <= 07  (RAM 7, screen 5, ROM 0, lock 0)  PC~5b0f
#         164178398160 7FFD <= 17  (RAM 7, screen 5, ROM 1, lock 0)  PC~5b0f
#         164198370096 7FFD <= 07  (RAM 7, screen 5, ROM 0, lock 0)  PC~5b0f
#         164216538576 7FFD <= 17  (RAM 7, screen 5, ROM 1, lock 0)  PC~5b0f
#         164236492656 7FFD <= 07  (RAM 7, screen 5, ROM 0, lock 0)  PC~5b0f
#         164254661136 7FFD <= 17  (RAM 7, screen 5, ROM 1, lock 0)  PC~5b0f
#         164274615216 7FFD <= 07  (RAM 7, screen 5, ROM 0, lock 0)  PC~5b0f
#         164292783696 7FFD <= 17  (RAM 7, screen 5, ROM 1, lock 0)  PC~5b0f
#         164312737776 7FFD <= 07  (RAM 7, screen 5, ROM 0, lock 0)  PC~5b0f
#         164332156176 7FFD <= 17  (RAM 7, screen 5, ROM 1, lock 0)  PC~5b0f
#         164352172752 7FFD <= 07  (RAM 7, screen 5, ROM 0, lock 0)  PC~5b0f
#         164370359088 7FFD <= 17  (RAM 7, screen 5, ROM 1, lock 0)  PC~5b0f
#         164391063120 7FFD <= 07  (RAM 7, screen 5, ROM 0, lock 0)  PC~5b0f
#         164409320880 7FFD <= 17  (RAM 7, screen 5, ROM 1, lock 0)  PC~5b0f
#         164430507024 7FFD <= 07  (RAM 7, screen 5, ROM 0, lock 0)  PC~5b0f
#         164448648720 7FFD <= 17  (RAM 7, screen 5, ROM 1, lock 0)  PC~5b0f
#         164470575888 7FFD <= 07  (RAM 7, screen 5, ROM 0, lock 0)  PC~5b0f
#         164488717584 7FFD <= 17  (RAM 7, screen 5, ROM 1, lock 0)  PC~5b0f
#         164511242928 7FFD <= 07  (RAM 7, screen 5, ROM 0, lock 0)  PC~5b0f
#         164529411408 7FFD <= 17  (RAM 7, screen 5, ROM 1, lock 0)  PC~5b0f
#         164552490288 7FFD <= 07  (RAM 7, screen 5, ROM 0, lock 0)  PC~5b0f
#         164570703408 7FFD <= 17  (RAM 7, screen 5, ROM 1, lock 0)  PC~5b0f
#         164594469744 7FFD <= 07  (RAM 7, screen 5, ROM 0, lock 0)  PC~5b0f
#         164612682864 7FFD <= 17  (RAM 7, screen 5, ROM 1, lock 0)  PC~5b0f
#         164637020592 7FFD <= 07  (RAM 7, screen 5, ROM 0, lock 0)  PC~5b0f
#         164655233712 7FFD <= 17  (RAM 7, screen 5, ROM 1, lock 0)  PC~5b0f
#         164675223504 7FFD <= 07  (RAM 7, screen 5, ROM 0, lock 0)  PC~5b0f
#         164693365200 7FFD <= 17  (RAM 7, screen 5, ROM 1, lock 0)  PC~5b0f
#         164713997808 7FFD <= 07  (RAM 7, screen 5, ROM 0, lock 0)  PC~5b0f
#         164732219856 7FFD <= 17  (RAM 7, screen 5, ROM 1, lock 0)  PC~5b0f
#         164753423856 7FFD <= 07  (RAM 7, screen 5, ROM 0, lock 0)  PC~5b0f
#         164771636976 7FFD <= 17  (RAM 7, screen 5, ROM 1, lock 0)  PC~5b0f
#         164793483792 7FFD <= 07  (RAM 7, screen 5, ROM 0, lock 0)  PC~5b0f
#         164811634416 7FFD <= 17  (RAM 7, screen 5, ROM 1, lock 0)  PC~5b0f
#         164834061552 7FFD <= 07  (RAM 7, screen 5, ROM 0, lock 0)  PC~5b0f
#         164852203248 7FFD <= 17  (RAM 7, screen 5, ROM 1, lock 0)  PC~5b0f
#         164875326768 7FFD <= 07  (RAM 7, screen 5, ROM 0, lock 0)  PC~5b0f
#         164893495248 7FFD <= 17  (RAM 7, screen 5, ROM 1, lock 0)  PC~5b0f
#         164917163376 7FFD <= 07  (RAM 7, screen 5, ROM 0, lock 0)  PC~5b0f
#         164935340784 7FFD <= 17  (RAM 7, screen 5, ROM 1, lock 0)  PC~5b0f
#         164959642800 7FFD <= 07  (RAM 7, screen 5, ROM 0, lock 0)  PC~5b0f
#         164977838064 7FFD <= 17  (RAM 7, screen 5, ROM 1, lock 0)  PC~5b0f
#         164997836784 7FFD <= 07  (RAM 7, screen 5, ROM 0, lock 0)  PC~5b0f
#         165015978480 7FFD <= 17  (RAM 7, screen 5, ROM 1, lock 0)  PC~5b0f
#         165036611088 7FFD <= 07  (RAM 7, screen 5, ROM 0, lock 0)  PC~5b0f
#         165054833136 7FFD <= 17  (RAM 7, screen 5, ROM 1, lock 0)  PC~5b0f
#         165076037136 7FFD <= 07  (RAM 7, screen 5, ROM 0, lock 0)  PC~5b0f
#         165094250256 7FFD <= 17  (RAM 7, screen 5, ROM 1, lock 0)  PC~5b0f
#         165116097072 7FFD <= 07  (RAM 7, screen 5, ROM 0, lock 0)  PC~5b0f
#         165134247696 7FFD <= 17  (RAM 7, screen 5, ROM 1, lock 0)  PC~5b0f
#         165156674832 7FFD <= 07  (RAM 7, screen 5, ROM 0, lock 0)  PC~5b0f
#         165174816528 7FFD <= 17  (RAM 7, screen 5, ROM 1, lock 0)  PC~5b0f
#         165197940048 7FFD <= 07  (RAM 7, screen 5, ROM 0, lock 0)  PC~5b0f
#         165216108528 7FFD <= 17  (RAM 7, screen 5, ROM 1, lock 0)  PC~5b0f
#         165239776656 7FFD <= 07  (RAM 7, screen 5, ROM 0, lock 0)  PC~5b0f
#         165257954064 7FFD <= 17  (RAM 7, screen 5, ROM 1, lock 0)  PC~5b0f
#         165282256080 7FFD <= 07  (RAM 7, screen 5, ROM 0, lock 0)  PC~5b0f
#         165300451344 7FFD <= 17  (RAM 7, screen 5, ROM 1, lock 0)  PC~5b0f
#         165320450064 7FFD <= 07  (RAM 7, screen 5, ROM 0, lock 0)  PC~5b0f
#         165338591760 7FFD <= 17  (RAM 7, screen 5, ROM 1, lock 0)  PC~5b0f
#         165359224368 7FFD <= 07  (RAM 7, screen 5, ROM 0, lock 0)  PC~5b0f
#         165377446416 7FFD <= 17  (RAM 7, screen 5, ROM 1, lock 0)  PC~5b0f
#         165398650416 7FFD <= 07  (RAM 7, screen 5, ROM 0, lock 0)  PC~5b0f
#         165416863536 7FFD <= 17  (RAM 7, screen 5, ROM 1, lock 0)  PC~5b0f
#         165438710352 7FFD <= 07  (RAM 7, screen 5, ROM 0, lock 0)  PC~5b0f
#         165456860976 7FFD <= 17  (RAM 7, screen 5, ROM 1, lock 0)  PC~5b0f
#         165479288112 7FFD <= 07  (RAM 7, screen 5, ROM 0, lock 0)  PC~5b0f
#         165497429808 7FFD <= 17  (RAM 7, screen 5, ROM 1, lock 0)  PC~5b0f
#         165520553328 7FFD <= 07  (RAM 7, screen 5, ROM 0, lock 0)  PC~5b0f
#         165538721808 7FFD <= 17  (RAM 7, screen 5, ROM 1, lock 0)  PC~5b0f
#         165562389936 7FFD <= 07  (RAM 7, screen 5, ROM 0, lock 0)  PC~5b0f
#         165580567344 7FFD <= 17  (RAM 7, screen 5, ROM 1, lock 0)  PC~5b0f
#         165604869360 7FFD <= 07  (RAM 7, screen 5, ROM 0, lock 0)  PC~5b0f
#         165623064624 7FFD <= 17  (RAM 7, screen 5, ROM 1, lock 0)  PC~5b0f
#         165643063344 7FFD <= 07  (RAM 7, screen 5, ROM 0, lock 0)  PC~5b0f
#         165661205040 7FFD <= 17  (RAM 7, screen 5, ROM 1, lock 0)  PC~5b0f
#         165670090800 150 ms: PC~22f6  M1=445213  T-states=4107415  INTs=57  stall clks=371411  border=7  SDRAM model errors=0
#         165681837648 7FFD <= 07  (RAM 7, screen 5, ROM 0, lock 0)  PC~5b0f
#         165700059696 7FFD <= 17  (RAM 7, screen 5, ROM 1, lock 0)  PC~5b0f
#         165721263696 7FFD <= 07  (RAM 7, screen 5, ROM 0, lock 0)  PC~5b0f
#         165739476816 7FFD <= 17  (RAM 7, screen 5, ROM 1, lock 0)  PC~5b0f
#         165761323632 7FFD <= 07  (RAM 7, screen 5, ROM 0, lock 0)  PC~5b0f
#         165779474256 7FFD <= 17  (RAM 7, screen 5, ROM 1, lock 0)  PC~5b0f
#         165801901392 7FFD <= 07  (RAM 7, screen 5, ROM 0, lock 0)  PC~5b0f
#         165820043088 7FFD <= 17  (RAM 7, screen 5, ROM 1, lock 0)  PC~5b0f
#         165843166608 7FFD <= 07  (RAM 7, screen 5, ROM 0, lock 0)  PC~5b0f
#         165866468688 7FFD <= 17  (RAM 7, screen 5, ROM 1, lock 0)  PC~5b0f
#         165922607952 7FFD <= 07  (RAM 7, screen 5, ROM 0, lock 0)  PC~5b0f
#         165925839888 7FFD <= 17  (RAM 7, screen 5, ROM 1, lock 0)  PC~5b0f
#         165949481232 7FFD <= 07  (RAM 7, screen 5, ROM 0, lock 0)  PC~5b0f
#         165967658640 7FFD <= 17  (RAM 7, screen 5, ROM 1, lock 0)  PC~5b0f
#         165991960656 7FFD <= 07  (RAM 7, screen 5, ROM 0, lock 0)  PC~5b0f
#         166010155920 7FFD <= 17  (RAM 7, screen 5, ROM 1, lock 0)  PC~5b0f
#         166030154640 7FFD <= 07  (RAM 7, screen 5, ROM 0, lock 0)  PC~5b0f
#         166048296336 7FFD <= 17  (RAM 7, screen 5, ROM 1, lock 0)  PC~5b0f
#         166068928944 7FFD <= 07  (RAM 7, screen 5, ROM 0, lock 0)  PC~5b0f
#         166087150992 7FFD <= 17  (RAM 7, screen 5, ROM 1, lock 0)  PC~5b0f
#         166108354992 7FFD <= 07  (RAM 7, screen 5, ROM 0, lock 0)  PC~5b0f
#         166126568112 7FFD <= 17  (RAM 7, screen 5, ROM 1, lock 0)  PC~5b0f
#         166148414928 7FFD <= 07  (RAM 7, screen 5, ROM 0, lock 0)  PC~5b0f
#         166166565552 7FFD <= 17  (RAM 7, screen 5, ROM 1, lock 0)  PC~5b0f
#         166188992688 7FFD <= 07  (RAM 7, screen 5, ROM 0, lock 0)  PC~5b0f
#         166207134384 7FFD <= 17  (RAM 7, screen 5, ROM 1, lock 0)  PC~5b0f
#         166230257904 7FFD <= 07  (RAM 7, screen 5, ROM 0, lock 0)  PC~5b0f
#         166248426384 7FFD <= 17  (RAM 7, screen 5, ROM 1, lock 0)  PC~5b0f
#         166272094512 7FFD <= 07  (RAM 7, screen 5, ROM 0, lock 0)  PC~5b0f
#         166290271920 7FFD <= 17  (RAM 7, screen 5, ROM 1, lock 0)  PC~5b0f
#         166314573936 7FFD <= 07  (RAM 7, screen 5, ROM 0, lock 0)  PC~5b0f
#         166332769200 7FFD <= 17  (RAM 7, screen 5, ROM 1, lock 0)  PC~5b0f
#         166352767920 7FFD <= 07  (RAM 7, screen 5, ROM 0, lock 0)  PC~5b0f
#         166370909616 7FFD <= 17  (RAM 7, screen 5, ROM 1, lock 0)  PC~5b0f
#         166391542224 7FFD <= 07  (RAM 7, screen 5, ROM 0, lock 0)  PC~5b0f
#         166409764272 7FFD <= 17  (RAM 7, screen 5, ROM 1, lock 0)  PC~5b0f
#         166430968272 7FFD <= 07  (RAM 7, screen 5, ROM 0, lock 0)  PC~5b0f
#         166449181392 7FFD <= 17  (RAM 7, screen 5, ROM 1, lock 0)  PC~5b0f
#         166471028208 7FFD <= 07  (RAM 7, screen 5, ROM 0, lock 0)  PC~5b0f
#         166489178832 7FFD <= 17  (RAM 7, screen 5, ROM 1, lock 0)  PC~5b0f
#         166511605968 7FFD <= 07  (RAM 7, screen 5, ROM 0, lock 0)  PC~5b0f
#         166529747664 7FFD <= 17  (RAM 7, screen 5, ROM 1, lock 0)  PC~5b0f
#         166552871184 7FFD <= 07  (RAM 7, screen 5, ROM 0, lock 0)  PC~5b0f
#         166571039664 7FFD <= 17  (RAM 7, screen 5, ROM 1, lock 0)  PC~5b0f
#         166594707792 7FFD <= 07  (RAM 7, screen 5, ROM 0, lock 0)  PC~5b0f
#         166612885200 7FFD <= 17  (RAM 7, screen 5, ROM 1, lock 0)  PC~5b0f
#         166637187216 7FFD <= 07  (RAM 7, screen 5, ROM 0, lock 0)  PC~5b0f
#         166655382480 7FFD <= 17  (RAM 7, screen 5, ROM 1, lock 0)  PC~5b0f
#         166675381200 7FFD <= 07  (RAM 7, screen 5, ROM 0, lock 0)  PC~5b0f
#         166693522896 7FFD <= 17  (RAM 7, screen 5, ROM 1, lock 0)  PC~5b0f
#         166714155504 7FFD <= 07  (RAM 7, screen 5, ROM 0, lock 0)  PC~5b0f
#         166732377552 7FFD <= 17  (RAM 7, screen 5, ROM 1, lock 0)  PC~5b0f
#         166753581552 7FFD <= 07  (RAM 7, screen 5, ROM 0, lock 0)  PC~5b0f
#         166771794672 7FFD <= 17  (RAM 7, screen 5, ROM 1, lock 0)  PC~5b0f
#         166793641488 7FFD <= 07  (RAM 7, screen 5, ROM 0, lock 0)  PC~5b0f
#         166811792112 7FFD <= 17  (RAM 7, screen 5, ROM 1, lock 0)  PC~5b0f
#         166834219248 7FFD <= 07  (RAM 7, screen 5, ROM 0, lock 0)  PC~5b0f
#         166852360944 7FFD <= 17  (RAM 7, screen 5, ROM 1, lock 0)  PC~5b0f
#         166875484464 7FFD <= 07  (RAM 7, screen 5, ROM 0, lock 0)  PC~5b0f
#         166893652944 7FFD <= 17  (RAM 7, screen 5, ROM 1, lock 0)  PC~5b0f
#         166917321072 7FFD <= 07  (RAM 7, screen 5, ROM 0, lock 0)  PC~5b0f
#         166935498480 7FFD <= 17  (RAM 7, screen 5, ROM 1, lock 0)  PC~5b0f
#         166959800496 7FFD <= 07  (RAM 7, screen 5, ROM 0, lock 0)  PC~5b0f
#         166977995760 7FFD <= 17  (RAM 7, screen 5, ROM 1, lock 0)  PC~5b0f
#         166997994480 7FFD <= 07  (RAM 7, screen 5, ROM 0, lock 0)  PC~5b0f
#         167016136176 7FFD <= 17  (RAM 7, screen 5, ROM 1, lock 0)  PC~5b0f
#         167036768784 7FFD <= 07  (RAM 7, screen 5, ROM 0, lock 0)  PC~5b0f
#         167054990832 7FFD <= 17  (RAM 7, screen 5, ROM 1, lock 0)  PC~5b0f
#         167076194832 7FFD <= 07  (RAM 7, screen 5, ROM 0, lock 0)  PC~5b0f
#         167094407952 7FFD <= 17  (RAM 7, screen 5, ROM 1, lock 0)  PC~5b0f
#         167116254768 7FFD <= 07  (RAM 7, screen 5, ROM 0, lock 0)  PC~5b0f
#         167134405392 7FFD <= 17  (RAM 7, screen 5, ROM 1, lock 0)  PC~5b0f
#         167156832528 7FFD <= 07  (RAM 7, screen 5, ROM 0, lock 0)  PC~5b0f
#         167174974224 7FFD <= 17  (RAM 7, screen 5, ROM 1, lock 0)  PC~5b0f
#         167198097744 7FFD <= 07  (RAM 7, screen 5, ROM 0, lock 0)  PC~5b0f
#         167216266224 7FFD <= 17  (RAM 7, screen 5, ROM 1, lock 0)  PC~5b0f
#         167239934352 7FFD <= 07  (RAM 7, screen 5, ROM 0, lock 0)  PC~5b0f
#         167258111760 7FFD <= 17  (RAM 7, screen 5, ROM 1, lock 0)  PC~5b0f
#         167282413776 7FFD <= 07  (RAM 7, screen 5, ROM 0, lock 0)  PC~5b0f
#         167300609040 7FFD <= 17  (RAM 7, screen 5, ROM 1, lock 0)  PC~5b0f
#         167320607760 7FFD <= 07  (RAM 7, screen 5, ROM 0, lock 0)  PC~5b0f
#         167338749456 7FFD <= 17  (RAM 7, screen 5, ROM 1, lock 0)  PC~5b0f
#         167359382064 7FFD <= 07  (RAM 7, screen 5, ROM 0, lock 0)  PC~5b0f
#         167377604112 7FFD <= 17  (RAM 7, screen 5, ROM 1, lock 0)  PC~5b0f
#         167398808112 7FFD <= 07  (RAM 7, screen 5, ROM 0, lock 0)  PC~5b0f
#         167417021232 7FFD <= 17  (RAM 7, screen 5, ROM 1, lock 0)  PC~5b0f
#         167438868048 7FFD <= 07  (RAM 7, screen 5, ROM 0, lock 0)  PC~5b0f
#         167457018672 7FFD <= 17  (RAM 7, screen 5, ROM 1, lock 0)  PC~5b0f
#         167479445808 7FFD <= 07  (RAM 7, screen 5, ROM 0, lock 0)  PC~5b0f
#         167497587504 7FFD <= 17  (RAM 7, screen 5, ROM 1, lock 0)  PC~5b0f
#         167520711024 7FFD <= 07  (RAM 7, screen 5, ROM 0, lock 0)  PC~5b0f
#         167538879504 7FFD <= 17  (RAM 7, screen 5, ROM 1, lock 0)  PC~5b0f
#         167562547632 7FFD <= 07  (RAM 7, screen 5, ROM 0, lock 0)  PC~5b0f
#         167580725040 7FFD <= 17  (RAM 7, screen 5, ROM 1, lock 0)  PC~5b0f
#         167605027056 7FFD <= 07  (RAM 7, screen 5, ROM 0, lock 0)  PC~5b0f
#         167623222320 7FFD <= 17  (RAM 7, screen 5, ROM 1, lock 0)  PC~5b0f
#         167643221040 7FFD <= 07  (RAM 7, screen 5, ROM 0, lock 0)  PC~5b0f
#         167661362736 7FFD <= 17  (RAM 7, screen 5, ROM 1, lock 0)  PC~5b0f
#         167681995344 7FFD <= 07  (RAM 7, screen 5, ROM 0, lock 0)  PC~5b0f
#         167700217392 7FFD <= 17  (RAM 7, screen 5, ROM 1, lock 0)  PC~5b0f
#         167721421392 7FFD <= 07  (RAM 7, screen 5, ROM 0, lock 0)  PC~5b0f
#         167739634512 7FFD <= 17  (RAM 7, screen 5, ROM 1, lock 0)  PC~5b0f
#         167761481328 7FFD <= 07  (RAM 7, screen 5, ROM 0, lock 0)  PC~5b0f
#         167779631952 7FFD <= 17  (RAM 7, screen 5, ROM 1, lock 0)  PC~5b0f
#         167802059088 7FFD <= 07  (RAM 7, screen 5, ROM 0, lock 0)  PC~5b0f
#         167820200784 7FFD <= 17  (RAM 7, screen 5, ROM 1, lock 0)  PC~5b0f
#         167843324304 7FFD <= 07  (RAM 7, screen 5, ROM 0, lock 0)  PC~5b0f
#         167861492784 7FFD <= 17  (RAM 7, screen 5, ROM 1, lock 0)  PC~5b0f
#         167885160912 7FFD <= 07  (RAM 7, screen 5, ROM 0, lock 0)  PC~5b0f
#         167903338320 7FFD <= 17  (RAM 7, screen 5, ROM 1, lock 0)  PC~5b0f
#         167927640336 7FFD <= 07  (RAM 7, screen 5, ROM 0, lock 0)  PC~5b0f
#         167945835600 7FFD <= 17  (RAM 7, screen 5, ROM 1, lock 0)  PC~5b0f
#         167965834320 7FFD <= 07  (RAM 7, screen 5, ROM 0, lock 0)  PC~5b0f
#         167983976016 7FFD <= 17  (RAM 7, screen 5, ROM 1, lock 0)  PC~5b0f
#         168004608624 7FFD <= 07  (RAM 7, screen 5, ROM 0, lock 0)  PC~5b0f
#         168022830672 7FFD <= 17  (RAM 7, screen 5, ROM 1, lock 0)  PC~5b0f
#         168044034672 7FFD <= 07  (RAM 7, screen 5, ROM 0, lock 0)  PC~5b0f
#         168062247792 7FFD <= 17  (RAM 7, screen 5, ROM 1, lock 0)  PC~5b0f
#         168084094608 7FFD <= 07  (RAM 7, screen 5, ROM 0, lock 0)  PC~5b0f
#         168102245232 7FFD <= 17  (RAM 7, screen 5, ROM 1, lock 0)  PC~5b0f
#         168124672368 7FFD <= 07  (RAM 7, screen 5, ROM 0, lock 0)  PC~5b0f
#         168142814064 7FFD <= 17  (RAM 7, screen 5, ROM 1, lock 0)  PC~5b0f
#         168165937584 7FFD <= 07  (RAM 7, screen 5, ROM 0, lock 0)  PC~5b0f
#         168184106064 7FFD <= 17  (RAM 7, screen 5, ROM 1, lock 0)  PC~5b0f
#         168207774192 7FFD <= 07  (RAM 7, screen 5, ROM 0, lock 0)  PC~5b0f
#         168225951600 7FFD <= 17  (RAM 7, screen 5, ROM 1, lock 0)  PC~5b0f
#         168250253616 7FFD <= 07  (RAM 7, screen 5, ROM 0, lock 0)  PC~5b0f
#         168268448880 7FFD <= 17  (RAM 7, screen 5, ROM 1, lock 0)  PC~5b0f
#         168288447600 7FFD <= 07  (RAM 7, screen 5, ROM 0, lock 0)  PC~5b0f
#         168306589296 7FFD <= 17  (RAM 7, screen 5, ROM 1, lock 0)  PC~5b0f
#         168327221904 7FFD <= 07  (RAM 7, screen 5, ROM 0, lock 0)  PC~5b0f
#         168345443952 7FFD <= 17  (RAM 7, screen 5, ROM 1, lock 0)  PC~5b0f
#         168366647952 7FFD <= 07  (RAM 7, screen 5, ROM 0, lock 0)  PC~5b0f
#         168384861072 7FFD <= 17  (RAM 7, screen 5, ROM 1, lock 0)  PC~5b0f
#         168406707888 7FFD <= 07  (RAM 7, screen 5, ROM 0, lock 0)  PC~5b0f
#         168424858512 7FFD <= 17  (RAM 7, screen 5, ROM 1, lock 0)  PC~5b0f
#         168492925584 7FFD <= 07  (RAM 7, screen 5, ROM 0, lock 0)  PC~5b0f
#         168511120848 7FFD <= 17  (RAM 7, screen 5, ROM 1, lock 0)  PC~5b0f
#         168534190800 7FFD <= 07  (RAM 7, screen 5, ROM 0, lock 0)  PC~5b0f
#         168552332496 7FFD <= 17  (RAM 7, screen 5, ROM 1, lock 0)  PC~5b0f
#         168576000624 7FFD <= 07  (RAM 7, screen 5, ROM 0, lock 0)  PC~5b0f
#         168594142320 7FFD <= 17  (RAM 7, screen 5, ROM 1, lock 0)  PC~5b0f
#         168618480048 7FFD <= 07  (RAM 7, screen 5, ROM 0, lock 0)  PC~5b0f
#         168636621744 7FFD <= 17  (RAM 7, screen 5, ROM 1, lock 0)  PC~5b0f
#         168656620464 7FFD <= 07  (RAM 7, screen 5, ROM 0, lock 0)  PC~5b0f
#         168674762160 7FFD <= 17  (RAM 7, screen 5, ROM 1, lock 0)  PC~5b0f
#         168695394768 7FFD <= 07  (RAM 7, screen 5, ROM 0, lock 0)  PC~5b0f
#         168713616816 7FFD <= 17  (RAM 7, screen 5, ROM 1, lock 0)  PC~5b0f
#         168734820816 7FFD <= 07  (RAM 7, screen 5, ROM 0, lock 0)  PC~5b0f
#         168753033936 7FFD <= 17  (RAM 7, screen 5, ROM 1, lock 0)  PC~5b0f
#         168774880752 7FFD <= 07  (RAM 7, screen 5, ROM 0, lock 0)  PC~5b0f
#         168793031376 7FFD <= 17  (RAM 7, screen 5, ROM 1, lock 0)  PC~5b0f
#         168815458512 7FFD <= 07  (RAM 7, screen 5, ROM 0, lock 0)  PC~5b0f
#         168833600208 7FFD <= 17  (RAM 7, screen 5, ROM 1, lock 0)  PC~5b0f
#         168856723728 7FFD <= 07  (RAM 7, screen 5, ROM 0, lock 0)  PC~5b0f
#         168874892208 7FFD <= 17  (RAM 7, screen 5, ROM 1, lock 0)  PC~5b0f
#         168898560336 7FFD <= 07  (RAM 7, screen 5, ROM 0, lock 0)  PC~5b0f
#         168918201936 7FFD <= 17  (RAM 7, screen 5, ROM 1, lock 0)  PC~5b0f
#         168942414672 7FFD <= 07  (RAM 7, screen 5, ROM 0, lock 0)  PC~5b0f
#         168960645648 7FFD <= 17  (RAM 7, screen 5, ROM 1, lock 0)  PC~5b0f
#         168984885168 7FFD <= 07  (RAM 7, screen 5, ROM 0, lock 0)  PC~5b0f
#         169003026864 7FFD <= 17  (RAM 7, screen 5, ROM 1, lock 0)  PC~5b0f
#         169027364592 7FFD <= 07  (RAM 7, screen 5, ROM 0, lock 0)  PC~5b0f
#         169045640208 7FFD <= 17  (RAM 7, screen 5, ROM 1, lock 0)  PC~5b0f
#         169069933296 7FFD <= 07  (RAM 7, screen 5, ROM 0, lock 0)  PC~5b0f
#         169088110704 7FFD <= 17  (RAM 7, screen 5, ROM 1, lock 0)  PC~5b0f
#         169112412720 7FFD <= 07  (RAM 7, screen 5, ROM 0, lock 0)  PC~5b0f
#         169130607984 7FFD <= 17  (RAM 7, screen 5, ROM 1, lock 0)  PC~5b0f
#         169154918928 7FFD <= 07  (RAM 7, screen 5, ROM 0, lock 0)  PC~5b0f
#         169173132048 7FFD <= 17  (RAM 7, screen 5, ROM 1, lock 0)  PC~5b0f
#         169197380496 7FFD <= 07  (RAM 7, screen 5, ROM 0, lock 0)  PC~5b0f
#         169215522192 7FFD <= 17  (RAM 7, screen 5, ROM 1, lock 0)  PC~5b0f
#         169239833136 7FFD <= 07  (RAM 7, screen 5, ROM 0, lock 0)  PC~5b0f
#         169258108752 7FFD <= 17  (RAM 7, screen 5, ROM 1, lock 0)  PC~5b0f
#         169282401840 7FFD <= 07  (RAM 7, screen 5, ROM 0, lock 0)  PC~5b0f
#         169300579248 7FFD <= 17  (RAM 7, screen 5, ROM 1, lock 0)  PC~5b0f
#         169324881264 7FFD <= 07  (RAM 7, screen 5, ROM 0, lock 0)  PC~5b0f
#         169343076528 7FFD <= 17  (RAM 7, screen 5, ROM 1, lock 0)  PC~5b0f
#         169367387472 7FFD <= 07  (RAM 7, screen 5, ROM 0, lock 0)  PC~5b0f
#         169385600592 7FFD <= 17  (RAM 7, screen 5, ROM 1, lock 0)  PC~5b0f
#         169409849040 7FFD <= 07  (RAM 7, screen 5, ROM 0, lock 0)  PC~5b0f
#         169427990736 7FFD <= 17  (RAM 7, screen 5, ROM 1, lock 0)  PC~5b0f
#         169452301680 7FFD <= 07  (RAM 7, screen 5, ROM 0, lock 0)  PC~5b0f
#         169470577296 7FFD <= 17  (RAM 7, screen 5, ROM 1, lock 0)  PC~5b0f
#         169494870384 7FFD <= 07  (RAM 7, screen 5, ROM 0, lock 0)  PC~5b0f
#         169513047792 7FFD <= 17  (RAM 7, screen 5, ROM 1, lock 0)  PC~5b0f
#         169537349808 7FFD <= 07  (RAM 7, screen 5, ROM 0, lock 0)  PC~5b0f
#         169555545072 7FFD <= 17  (RAM 7, screen 5, ROM 1, lock 0)  PC~5b0f
#         169579856016 7FFD <= 07  (RAM 7, screen 5, ROM 0, lock 0)  PC~5b0f
#         169598069136 7FFD <= 17  (RAM 7, screen 5, ROM 1, lock 0)  PC~5b0f
#         169622317584 7FFD <= 07  (RAM 7, screen 5, ROM 0, lock 0)  PC~5b0f
#         169640459280 7FFD <= 17  (RAM 7, screen 5, ROM 1, lock 0)  PC~5b0f
#         169664797008 7FFD <= 07  (RAM 7, screen 5, ROM 0, lock 0)  PC~5b0f
#         169683072624 7FFD <= 17  (RAM 7, screen 5, ROM 1, lock 0)  PC~5b0f
#         169707365712 7FFD <= 07  (RAM 7, screen 5, ROM 0, lock 0)  PC~5b0f
#         169725543120 7FFD <= 17  (RAM 7, screen 5, ROM 1, lock 0)  PC~5b0f
#         169749845136 7FFD <= 07  (RAM 7, screen 5, ROM 0, lock 0)  PC~5b0f
#         169768040400 7FFD <= 17  (RAM 7, screen 5, ROM 1, lock 0)  PC~5b0f
#         169792351344 7FFD <= 07  (RAM 7, screen 5, ROM 0, lock 0)  PC~5b0f
#         169810564464 7FFD <= 17  (RAM 7, screen 5, ROM 1, lock 0)  PC~5b0f
#         169834812912 7FFD <= 07  (RAM 7, screen 5, ROM 0, lock 0)  PC~5b0f
#         169852954608 7FFD <= 17  (RAM 7, screen 5, ROM 1, lock 0)  PC~5b0f
#         169877265552 7FFD <= 07  (RAM 7, screen 5, ROM 0, lock 0)  PC~5b0f
#         169895541168 7FFD <= 17  (RAM 7, screen 5, ROM 1, lock 0)  PC~5b0f
#         169919834256 7FFD <= 07  (RAM 7, screen 5, ROM 0, lock 0)  PC~5b0f
#         169938011664 7FFD <= 17  (RAM 7, screen 5, ROM 1, lock 0)  PC~5b0f
#         169962313680 7FFD <= 07  (RAM 7, screen 5, ROM 0, lock 0)  PC~5b0f
#         169980508944 7FFD <= 17  (RAM 7, screen 5, ROM 1, lock 0)  PC~5b0f
#         170004819888 7FFD <= 07  (RAM 7, screen 5, ROM 0, lock 0)  PC~5b0f
#         170023033008 7FFD <= 17  (RAM 7, screen 5, ROM 1, lock 0)  PC~5b0f
#         170047281456 7FFD <= 07  (RAM 7, screen 5, ROM 0, lock 0)  PC~5b0f
#         170065423152 7FFD <= 17  (RAM 7, screen 5, ROM 1, lock 0)  PC~5b0f
#         170089760880 7FFD <= 07  (RAM 7, screen 5, ROM 0, lock 0)  PC~5b0f
#         170108036496 7FFD <= 17  (RAM 7, screen 5, ROM 1, lock 0)  PC~5b0f
#         170132329584 7FFD <= 07  (RAM 7, screen 5, ROM 0, lock 0)  PC~5b0f
#         170150506992 7FFD <= 17  (RAM 7, screen 5, ROM 1, lock 0)  PC~5b0f
#         170174809008 7FFD <= 07  (RAM 7, screen 5, ROM 0, lock 0)  PC~5b0f
#         170193004272 7FFD <= 17  (RAM 7, screen 5, ROM 1, lock 0)  PC~5b0f
#         170217315216 7FFD <= 07  (RAM 7, screen 5, ROM 0, lock 0)  PC~5b0f
#         170235528336 7FFD <= 17  (RAM 7, screen 5, ROM 1, lock 0)  PC~5b0f
#         170259776784 7FFD <= 07  (RAM 7, screen 5, ROM 0, lock 0)  PC~5b0f
#         170277918480 7FFD <= 17  (RAM 7, screen 5, ROM 1, lock 0)  PC~5b0f
#         170302256208 7FFD <= 07  (RAM 7, screen 5, ROM 0, lock 0)  PC~5b0f
#         170320531824 7FFD <= 17  (RAM 7, screen 5, ROM 1, lock 0)  PC~5b0f
#         170344824912 7FFD <= 07  (RAM 7, screen 5, ROM 0, lock 0)  PC~5b0f
#         170363002320 7FFD <= 17  (RAM 7, screen 5, ROM 1, lock 0)  PC~5b0f
#         170387304336 7FFD <= 07  (RAM 7, screen 5, ROM 0, lock 0)  PC~5b0f
#         170405499600 7FFD <= 17  (RAM 7, screen 5, ROM 1, lock 0)  PC~5b0f
#         170429810544 7FFD <= 07  (RAM 7, screen 5, ROM 0, lock 0)  PC~5b0f
#         170448023664 7FFD <= 17  (RAM 7, screen 5, ROM 1, lock 0)  PC~5b0f
#         170472272112 7FFD <= 07  (RAM 7, screen 5, ROM 0, lock 0)  PC~5b0f
#         170490413808 7FFD <= 17  (RAM 7, screen 5, ROM 1, lock 0)  PC~5b0f
#         170514724752 7FFD <= 07  (RAM 7, screen 5, ROM 0, lock 0)  PC~5b0f
#         170533000368 7FFD <= 17  (RAM 7, screen 5, ROM 1, lock 0)  PC~5b0f
#         170557293456 7FFD <= 07  (RAM 7, screen 5, ROM 0, lock 0)  PC~5b0f
#         170575470864 7FFD <= 17  (RAM 7, screen 5, ROM 1, lock 0)  PC~5b0f
#         170599772880 7FFD <= 07  (RAM 7, screen 5, ROM 0, lock 0)  PC~5b0f
#         170617968144 7FFD <= 17  (RAM 7, screen 5, ROM 1, lock 0)  PC~5b0f
#         170642279088 7FFD <= 07  (RAM 7, screen 5, ROM 0, lock 0)  PC~5b0f
#         170660492208 7FFD <= 17  (RAM 7, screen 5, ROM 1, lock 0)  PC~5b0f
#         170684740656 7FFD <= 07  (RAM 7, screen 5, ROM 0, lock 0)  PC~5b0f
#         170702882352 7FFD <= 17  (RAM 7, screen 5, ROM 1, lock 0)  PC~5b0f
#         170727220080 7FFD <= 07  (RAM 7, screen 5, ROM 0, lock 0)  PC~5b0f
#         170745495696 7FFD <= 17  (RAM 7, screen 5, ROM 1, lock 0)  PC~5b0f
#         170769788784 7FFD <= 07  (RAM 7, screen 5, ROM 0, lock 0)  PC~5b0f
#         170787966192 7FFD <= 17  (RAM 7, screen 5, ROM 1, lock 0)  PC~5b0f
#         170812268208 7FFD <= 07  (RAM 7, screen 5, ROM 0, lock 0)  PC~5b0f
#         170830463472 7FFD <= 17  (RAM 7, screen 5, ROM 1, lock 0)  PC~5b0f
#         170854774416 7FFD <= 07  (RAM 7, screen 5, ROM 0, lock 0)  PC~5b0f
#         170872987536 7FFD <= 17  (RAM 7, screen 5, ROM 1, lock 0)  PC~5b0f
#         170897235984 7FFD <= 07  (RAM 7, screen 5, ROM 0, lock 0)  PC~5b0f
#         170915377680 7FFD <= 17  (RAM 7, screen 5, ROM 1, lock 0)  PC~5b0f
#         170939688624 7FFD <= 07  (RAM 7, screen 5, ROM 0, lock 0)  PC~5b0f
#         170999800848 7FFD <= 17  (RAM 7, screen 5, ROM 1, lock 0)  PC~5b0f
#         171055931184 7FFD <= 07  (RAM 7, screen 5, ROM 0, lock 0)  PC~5b0f
#         173575046736 7FFD <= 17  (RAM 7, screen 5, ROM 1, lock 0)  PC~5b0f
#         173624213232 7FFD <= 07  (RAM 7, screen 5, ROM 0, lock 0)  PC~5b0f
#         175670090800 160 ms: PC~3684  M1=479633  T-states=4383266  INTs=61  stall clks=388079  border=7  SDRAM model errors=0
#         176149935504 7FFD <= 17  (RAM 7, screen 5, ROM 1, lock 0)  PC~5b0f
#         176206021200 7FFD <= 07  (RAM 7, screen 5, ROM 0, lock 0)  PC~5b0f
#         178725056400 7FFD <= 17  (RAM 7, screen 5, ROM 1, lock 0)  PC~5b0f
#         178774106832 7FFD <= 07  (RAM 7, screen 5, ROM 0, lock 0)  PC~5b0f
#         181299730896 7FFD <= 17  (RAM 7, screen 5, ROM 1, lock 0)  PC~5b0f
#         181355771952 7FFD <= 07  (RAM 7, screen 5, ROM 0, lock 0)  PC~5b0f
#         183874950000 7FFD <= 17  (RAM 7, screen 5, ROM 1, lock 0)  PC~5b0f
#         183924062928 7FFD <= 07  (RAM 7, screen 5, ROM 0, lock 0)  PC~5b0f
#         185670090800 170 ms: PC~3684  M1=514050  T-states=4658641  INTs=65  stall clks=406651  border=7  SDRAM model errors=0
#         186449767344 7FFD <= 17  (RAM 7, screen 5, ROM 1, lock 0)  PC~5b0f
#         186505897680 7FFD <= 07  (RAM 7, screen 5, ROM 0, lock 0)  PC~5b0f
#         189025165008 7FFD <= 17  (RAM 7, screen 5, ROM 1, lock 0)  PC~5b0f
#         189074251152 7FFD <= 07  (RAM 7, screen 5, ROM 0, lock 0)  PC~5b0f
#         191599839504 7FFD <= 17  (RAM 7, screen 5, ROM 1, lock 0)  PC~5b0f
#         191656041264 7FFD <= 07  (RAM 7, screen 5, ROM 0, lock 0)  PC~5b0f
#         194175156816 7FFD <= 17  (RAM 7, screen 5, ROM 1, lock 0)  PC~5b0f
#         194224216176 7FFD <= 07  (RAM 7, screen 5, ROM 0, lock 0)  PC~5b0f
#         195670090800 180 ms: PC~3685  M1=548465  T-states=4934010  INTs=69  stall clks=425249  border=7  SDRAM model errors=0
#         196749813456 7FFD <= 17  (RAM 7, screen 5, ROM 1, lock 0)  PC~5b0f
#         196806006288 7FFD <= 07  (RAM 7, screen 5, ROM 0, lock 0)  PC~5b0f
#         199325273616 7FFD <= 17  (RAM 7, screen 5, ROM 1, lock 0)  PC~5b0f
#         199374359760 7FFD <= 07  (RAM 7, screen 5, ROM 0, lock 0)  PC~5b0f
#         201899948112 7FFD <= 17  (RAM 7, screen 5, ROM 1, lock 0)  PC~5b0f
#         201956149872 7FFD <= 07  (RAM 7, screen 5, ROM 0, lock 0)  PC~5b0f
#         204475265424 7FFD <= 17  (RAM 7, screen 5, ROM 1, lock 0)  PC~5b0f
#         204524324784 7FFD <= 07  (RAM 7, screen 5, ROM 0, lock 0)  PC~5b0f
#         205670090800 190 ms: PC~3685  M1=582882  T-states=5209378  INTs=73  stall clks=443847  border=7  SDRAM model errors=0
#         207049922064 7FFD <= 17  (RAM 7, screen 5, ROM 1, lock 0)  PC~5b0f
#         207106114896 7FFD <= 07  (RAM 7, screen 5, ROM 0, lock 0)  PC~5b0f
#         209625382224 7FFD <= 17  (RAM 7, screen 5, ROM 1, lock 0)  PC~5b0f
#         209674468368 7FFD <= 07  (RAM 7, screen 5, ROM 0, lock 0)  PC~5b0f
#         212200056720 7FFD <= 17  (RAM 7, screen 5, ROM 1, lock 0)  PC~5b0f
#         212256258480 7FFD <= 07  (RAM 7, screen 5, ROM 0, lock 0)  PC~5b0f
#         214775374032 7FFD <= 17  (RAM 7, screen 5, ROM 1, lock 0)  PC~5b0f
#         214824433392 7FFD <= 07  (RAM 7, screen 5, ROM 0, lock 0)  PC~5b0f
#         215670090800 200 ms: PC~3684  M1=617298  T-states=5484745  INTs=77  stall clks=462452  border=7  SDRAM model errors=0
#         217350030672 7FFD <= 17  (RAM 7, screen 5, ROM 1, lock 0)  PC~5b0f
#         217406223504 7FFD <= 07  (RAM 7, screen 5, ROM 0, lock 0)  PC~5b0f
#         219925490832 7FFD <= 17  (RAM 7, screen 5, ROM 1, lock 0)  PC~5b0f
#         219974576976 7FFD <= 07  (RAM 7, screen 5, ROM 0, lock 0)  PC~5b0f
#         222500165328 7FFD <= 17  (RAM 7, screen 5, ROM 1, lock 0)  PC~5b0f
#         222556367088 7FFD <= 07  (RAM 7, screen 5, ROM 0, lock 0)  PC~5b0f
#         225075482640 7FFD <= 17  (RAM 7, screen 5, ROM 1, lock 0)  PC~5b0f
#         225124542000 7FFD <= 07  (RAM 7, screen 5, ROM 0, lock 0)  PC~5b0f
#         225670090800 210 ms: PC~3685  M1=651713  T-states=5760113  INTs=81  stall clks=481050  border=7  SDRAM model errors=0
#         227650139280 7FFD <= 17  (RAM 7, screen 5, ROM 1, lock 0)  PC~5b0f
#         227706332112 7FFD <= 07  (RAM 7, screen 5, ROM 0, lock 0)  PC~5b0f
#         230225599440 7FFD <= 17  (RAM 7, screen 5, ROM 1, lock 0)  PC~5b0f
#         230274685584 7FFD <= 07  (RAM 7, screen 5, ROM 0, lock 0)  PC~5b0f
#         232800273936 7FFD <= 17  (RAM 7, screen 5, ROM 1, lock 0)  PC~5b0f
#         232856475696 7FFD <= 07  (RAM 7, screen 5, ROM 0, lock 0)  PC~5b0f
#         235375591248 7FFD <= 17  (RAM 7, screen 5, ROM 1, lock 0)  PC~5b0f
#         235424650608 7FFD <= 07  (RAM 7, screen 5, ROM 0, lock 0)  PC~5b0f
#         235670090800 220 ms: PC~3685  M1=686130  T-states=6035480  INTs=85  stall clks=499655  border=7  SDRAM model errors=0
#         235670090800 screen written to screen.ppm (screen page 5, border 7)
# DONE (no errors detected)
# ** Note: $finish    : tb_aspectrum.sv(215)
#    Time: 235670090800 ps  Iteration: 0  Instance: /tb_aspectrum
# End time: 16:00:26 on Oct 06,2026, Elapsed time: 0:28:12
# Errors: 0, Warnings: 16
